------ Rebuild All started: Project: SLAVE1, Configuration: Debug AVR ------
Build started.
Project "SLAVE1.cproj" (Clean target(s)):
Target "Clean" in file "D:\Program Files\Atmel\Studio\7.0\Vs\Compiler.targets" from project "C:\Users\migue\OneDrive - UVG\A2UVG 2026\Digital 2\laboratorios\Digital 2\ProyectoI2C\Slave1\SLAVE1\SLAVE1\SLAVE1.cproj" (entry point):
	Using "RunCompilerTask" task from assembly "D:\Program Files\Atmel\Studio\7.0\Extensions\Application\AvrGCC.dll".
	Task "RunCompilerTask"
		Shell Utils Path D:\Program Files\Atmel\Studio\7.0\shellUtils
		D:\Program Files\Atmel\Studio\7.0\shellUtils\make.exe clean 
		rm -rf  HCR/HC_SR04.o I2CLIB/I2CLIB.o L298N/L298N.o main.o PROTOCOL/Protocol.o SERVO/Servo.o   
		rm -rf  HCR/HC_SR04.d I2CLIB/I2CLIB.d L298N/L298N.d main.d PROTOCOL/Protocol.d SERVO/Servo.d   
		rm -rf "SLAVE1.elf" "SLAVE1.a" "SLAVE1.hex" "SLAVE1.lss" "SLAVE1.eep" "SLAVE1.map" "SLAVE1.srec" "SLAVE1.usersignatures"
	Done executing task "RunCompilerTask".
Done building target "Clean" in project "SLAVE1.cproj".
Done building project "SLAVE1.cproj".

Build succeeded.
------ Rebuild All started: Project: SLAVE1, Configuration: Debug AVR ------
Build started.
Project "SLAVE1.cproj" (default targets):
Target "PreBuildEvent" skipped, due to false condition; ('$(PreBuildEvent)'!='') was evaluated as (''!='').
Target "CoreBuild" in file "D:\Program Files\Atmel\Studio\7.0\Vs\Compiler.targets" from project "C:\Users\migue\OneDrive - UVG\A2UVG 2026\Digital 2\laboratorios\Digital 2\ProyectoI2C\Slave1\SLAVE1\SLAVE1\SLAVE1.cproj" (target "Build" depends on it):
	Task "RunCompilerTask"
		Shell Utils Path D:\Program Files\Atmel\Studio\7.0\shellUtils
		D:\Program Files\Atmel\Studio\7.0\shellUtils\make.exe all --jobs 16 --output-sync 
		Building file: ../I2CLIB/I2CLIB.c
		Invoking: AVR/GNU C Compiler : 5.4.0
		"D:\Program Files\Atmel\Studio\7.0\toolchain\avr8\avr8-gnu-toolchain\bin\avr-gcc.exe"  -x c -funsigned-char -funsigned-bitfields -DDEBUG -DF_CPU=16000000UL  -I"D:\Program Files\Atmel\Studio\7.0\Packs\atmel\ATmega_DFP\1.7.374\include"  -Og -ffunction-sections -fdata-sections -fpack-struct -fshort-enums -g2 -Wall -mmcu=atmega328p -B "D:\Program Files\Atmel\Studio\7.0\Packs\atmel\ATmega_DFP\1.7.374\gcc\dev\atmega328p" -c -Wextra -Werror -MD -MP -MF "I2CLIB/I2CLIB.d" -MT"I2CLIB/I2CLIB.d" -MT"I2CLIB/I2CLIB.o"   -o "I2CLIB/I2CLIB.o" "../I2CLIB/I2CLIB.c" 
		Finished building: ../I2CLIB/I2CLIB.c
		Building file: ../PROTOCOL/Protocol.c
		Invoking: AVR/GNU C Compiler : 5.4.0
		"D:\Program Files\Atmel\Studio\7.0\toolchain\avr8\avr8-gnu-toolchain\bin\avr-gcc.exe"  -x c -funsigned-char -funsigned-bitfields -DDEBUG -DF_CPU=16000000UL  -I"D:\Program Files\Atmel\Studio\7.0\Packs\atmel\ATmega_DFP\1.7.374\include"  -Og -ffunction-sections -fdata-sections -fpack-struct -fshort-enums -g2 -Wall -mmcu=atmega328p -B "D:\Program Files\Atmel\Studio\7.0\Packs\atmel\ATmega_DFP\1.7.374\gcc\dev\atmega328p" -c -Wextra -Werror -MD -MP -MF "PROTOCOL/Protocol.d" -MT"PROTOCOL/Protocol.d" -MT"PROTOCOL/Protocol.o"   -o "PROTOCOL/Protocol.o" "../PROTOCOL/Protocol.c" 
		Finished building: ../PROTOCOL/Protocol.c
		Building file: .././main.c
		Invoking: AVR/GNU C Compiler : 5.4.0
		"D:\Program Files\Atmel\Studio\7.0\toolchain\avr8\avr8-gnu-toolchain\bin\avr-gcc.exe"  -x c -funsigned-char -funsigned-bitfields -DDEBUG -DF_CPU=16000000UL  -I"D:\Program Files\Atmel\Studio\7.0\Packs\atmel\ATmega_DFP\1.7.374\include"  -Og -ffunction-sections -fdata-sections -fpack-struct -fshort-enums -g2 -Wall -mmcu=atmega328p -B "D:\Program Files\Atmel\Studio\7.0\Packs\atmel\ATmega_DFP\1.7.374\gcc\dev\atmega328p" -c -Wextra -Werror -MD -MP -MF "main.d" -MT"main.d" -MT"main.o"   -o "main.o" ".././main.c" 
		Finished building: .././main.c
		Building file: ../SERVO/Servo.c
		Invoking: AVR/GNU C Compiler : 5.4.0
		"D:\Program Files\Atmel\Studio\7.0\toolchain\avr8\avr8-gnu-toolchain\bin\avr-gcc.exe"  -x c -funsigned-char -funsigned-bitfields -DDEBUG -DF_CPU=16000000UL  -I"D:\Program Files\Atmel\Studio\7.0\Packs\atmel\ATmega_DFP\1.7.374\include"  -Og -ffunction-sections -fdata-sections -fpack-struct -fshort-enums -g2 -Wall -mmcu=atmega328p -B "D:\Program Files\Atmel\Studio\7.0\Packs\atmel\ATmega_DFP\1.7.374\gcc\dev\atmega328p" -c -Wextra -Werror -MD -MP -MF "SERVO/Servo.d" -MT"SERVO/Servo.d" -MT"SERVO/Servo.o"   -o "SERVO/Servo.o" "../SERVO/Servo.c" 
		Finished building: ../SERVO/Servo.c
		Building file: ../HCR/HC_SR04.c
		Invoking: AVR/GNU C Compiler : 5.4.0
		"D:\Program Files\Atmel\Studio\7.0\toolchain\avr8\avr8-gnu-toolchain\bin\avr-gcc.exe"  -x c -funsigned-char -funsigned-bitfields -DDEBUG -DF_CPU=16000000UL  -I"D:\Program Files\Atmel\Studio\7.0\Packs\atmel\ATmega_DFP\1.7.374\include"  -Og -ffunction-sections -fdata-sections -fpack-struct -fshort-enums -g2 -Wall -mmcu=atmega328p -B "D:\Program Files\Atmel\Studio\7.0\Packs\atmel\ATmega_DFP\1.7.374\gcc\dev\atmega328p" -c -Wextra -Werror -MD -MP -MF "HCR/HC_SR04.d" -MT"HCR/HC_SR04.d" -MT"HCR/HC_SR04.o"   -o "HCR/HC_SR04.o" "../HCR/HC_SR04.c" 
		Finished building: ../HCR/HC_SR04.c
		Building file: ../L298N/L298N.c
		Invoking: AVR/GNU C Compiler : 5.4.0
		"D:\Program Files\Atmel\Studio\7.0\toolchain\avr8\avr8-gnu-toolchain\bin\avr-gcc.exe"  -x c -funsigned-char -funsigned-bitfields -DDEBUG -DF_CPU=16000000UL  -I"D:\Program Files\Atmel\Studio\7.0\Packs\atmel\ATmega_DFP\1.7.374\include"  -Og -ffunction-sections -fdata-sections -fpack-struct -fshort-enums -g2 -Wall -mmcu=atmega328p -B "D:\Program Files\Atmel\Studio\7.0\Packs\atmel\ATmega_DFP\1.7.374\gcc\dev\atmega328p" -c -Wextra -Werror -MD -MP -MF "L298N/L298N.d" -MT"L298N/L298N.d" -MT"L298N/L298N.o"   -o "L298N/L298N.o" "../L298N/L298N.c" 
		Finished building: ../L298N/L298N.c
		Building target: SLAVE1.elf
		Invoking: AVR/GNU Linker : 5.4.0
		"D:\Program Files\Atmel\Studio\7.0\toolchain\avr8\avr8-gnu-toolchain\bin\avr-gcc.exe" -o SLAVE1.elf  HCR/HC_SR04.o I2CLIB/I2CLIB.o L298N/L298N.o main.o PROTOCOL/Protocol.o SERVO/Servo.o   -Wl,-Map="SLAVE1.map" -Wl,--start-group -Wl,-lm  -Wl,--end-group -Wl,--gc-sections -mmcu=atmega328p -B "D:\Program Files\Atmel\Studio\7.0\Packs\atmel\ATmega_DFP\1.7.374\gcc\dev\atmega328p"  
		Finished building target: SLAVE1.elf
		"D:\Program Files\Atmel\Studio\7.0\toolchain\avr8\avr8-gnu-toolchain\bin\avr-objcopy.exe" -O ihex -R .eeprom -R .fuse -R .lock -R .signature -R .user_signatures  "SLAVE1.elf" "SLAVE1.hex"
		"D:\Program Files\Atmel\Studio\7.0\toolchain\avr8\avr8-gnu-toolchain\bin\avr-objcopy.exe" -j .eeprom  --set-section-flags=.eeprom=alloc,load --change-section-lma .eeprom=0  --no-change-warnings -O ihex "SLAVE1.elf" "SLAVE1.eep" || exit 0
		"D:\Program Files\Atmel\Studio\7.0\toolchain\avr8\avr8-gnu-toolchain\bin\avr-objdump.exe" -h -S "SLAVE1.elf" > "SLAVE1.lss"
		"D:\Program Files\Atmel\Studio\7.0\toolchain\avr8\avr8-gnu-toolchain\bin\avr-objcopy.exe" -O srec -R .eeprom -R .fuse -R .lock -R .signature -R .user_signatures "SLAVE1.elf" "SLAVE1.srec"
		"D:\Program Files\Atmel\Studio\7.0\toolchain\avr8\avr8-gnu-toolchain\bin\avr-size.exe" "SLAVE1.elf"
		   text	   data	    bss	    dec	    hex	filename
		   5028	      6	     72	   5106	   13f2	SLAVE1.elf
	Done executing task "RunCompilerTask".
	Using "RunOutputFileVerifyTask" task from assembly "D:\Program Files\Atmel\Studio\7.0\Extensions\Application\AvrGCC.dll".
	Task "RunOutputFileVerifyTask"
				Program Memory Usage 	:	5034 bytes   15.4 % Full
				Data Memory Usage 		:	78 bytes   3.8 % Full
				Warning: Memory Usage estimation may not be accurate if there are sections other than .text sections in ELF file
	Done executing task "RunOutputFileVerifyTask".
Done building target "CoreBuild" in project "SLAVE1.cproj".
Target "PostBuildEvent" skipped, due to false condition; ('$(PostBuildEvent)' != '') was evaluated as ('' != '').
Target "Build" in file "D:\Program Files\Atmel\Studio\7.0\Vs\Avr.common.targets" from project "C:\Users\migue\OneDrive - UVG\A2UVG 2026\Digital 2\laboratorios\Digital 2\ProyectoI2C\Slave1\SLAVE1\SLAVE1\SLAVE1.cproj" (entry point):
Done building target "Build" in project "SLAVE1.cproj".
Done building project "SLAVE1.cproj".

Build succeeded.
========== Rebuild All: 1 succeeded, 0 failed, 0 skipped ==========

