Archive member included to satisfy reference by file (symbol)

d:/program files/atmel/studio/7.0/toolchain/avr8/avr8-gnu-toolchain/bin/../lib/gcc/avr/5.4.0/avr5\libgcc.a(_udivmodsi4.o)
                              SERVO/Servo.o (__udivmodsi4)
d:/program files/atmel/studio/7.0/toolchain/avr8/avr8-gnu-toolchain/bin/../lib/gcc/avr/5.4.0/avr5\libgcc.a(_exit.o)
                              D:/Program Files/Atmel/Studio/7.0/Packs/atmel/ATmega_DFP/1.7.374/gcc/dev/atmega328p/avr5/crtatmega328p.o (exit)
d:/program files/atmel/studio/7.0/toolchain/avr8/avr8-gnu-toolchain/bin/../lib/gcc/avr/5.4.0/avr5\libgcc.a(_copy_data.o)
                              main.o (__do_copy_data)
d:/program files/atmel/studio/7.0/toolchain/avr8/avr8-gnu-toolchain/bin/../lib/gcc/avr/5.4.0/avr5\libgcc.a(_clear_bss.o)
                              I2CLIB/I2CLIB.o (__do_clear_bss)
d:/program files/atmel/studio/7.0/toolchain/avr8/avr8-gnu-toolchain/bin/../lib/gcc/avr/5.4.0/avr5\libgcc.a(_umulhisi3.o)
                              SERVO/Servo.o (__umulhisi3)

Discarded input sections

 .data          0x00000000        0x0 D:/Program Files/Atmel/Studio/7.0/Packs/atmel/ATmega_DFP/1.7.374/gcc/dev/atmega328p/avr5/crtatmega328p.o
 .bss           0x00000000        0x0 D:/Program Files/Atmel/Studio/7.0/Packs/atmel/ATmega_DFP/1.7.374/gcc/dev/atmega328p/avr5/crtatmega328p.o
 .text          0x00000000        0x0 I2CLIB/I2CLIB.o
 .data          0x00000000        0x0 I2CLIB/I2CLIB.o
 .bss           0x00000000        0x0 I2CLIB/I2CLIB.o
 .text          0x00000000        0x0 IR-FLYINGFISH/InfraRojo.o
 .data          0x00000000        0x0 IR-FLYINGFISH/InfraRojo.o
 .bss           0x00000000        0x0 IR-FLYINGFISH/InfraRojo.o
 .text          0x00000000        0x0 main.o
 .data          0x00000000        0x0 main.o
 .bss           0x00000000        0x0 main.o
 .text          0x00000000        0x0 PROTOCOL/Protocol.o
 .data          0x00000000        0x0 PROTOCOL/Protocol.o
 .bss           0x00000000        0x0 PROTOCOL/Protocol.o
 .text.Protocol_CreateRequest
                0x00000000       0x70 PROTOCOL/Protocol.o
 .text.Protocol_EncodeRequest
                0x00000000       0x4e PROTOCOL/Protocol.o
 .text.Protocol_DecodeResponse
                0x00000000       0x72 PROTOCOL/Protocol.o
 .text.Protocol_ValidateResponse
                0x00000000      0x1a0 PROTOCOL/Protocol.o
 .text          0x00000000        0x0 SERVO/Servo.o
 .data          0x00000000        0x0 SERVO/Servo.o
 .bss           0x00000000        0x0 SERVO/Servo.o
 .text          0x00000000        0x0 STEPPER/Stepper.o
 .data          0x00000000        0x0 STEPPER/Stepper.o
 .bss           0x00000000        0x0 STEPPER/Stepper.o
 .text.Stepper_IsRunning
                0x00000000       0x16 STEPPER/Stepper.o
 .text          0x00000000        0x0 d:/program files/atmel/studio/7.0/toolchain/avr8/avr8-gnu-toolchain/bin/../lib/gcc/avr/5.4.0/avr5\libgcc.a(_udivmodsi4.o)
 .data          0x00000000        0x0 d:/program files/atmel/studio/7.0/toolchain/avr8/avr8-gnu-toolchain/bin/../lib/gcc/avr/5.4.0/avr5\libgcc.a(_udivmodsi4.o)
 .bss           0x00000000        0x0 d:/program files/atmel/studio/7.0/toolchain/avr8/avr8-gnu-toolchain/bin/../lib/gcc/avr/5.4.0/avr5\libgcc.a(_udivmodsi4.o)
 .text.libgcc.mul
                0x00000000        0x0 d:/program files/atmel/studio/7.0/toolchain/avr8/avr8-gnu-toolchain/bin/../lib/gcc/avr/5.4.0/avr5\libgcc.a(_udivmodsi4.o)
 .text.libgcc   0x00000000        0x0 d:/program files/atmel/studio/7.0/toolchain/avr8/avr8-gnu-toolchain/bin/../lib/gcc/avr/5.4.0/avr5\libgcc.a(_udivmodsi4.o)
 .text.libgcc.prologue
                0x00000000        0x0 d:/program files/atmel/studio/7.0/toolchain/avr8/avr8-gnu-toolchain/bin/../lib/gcc/avr/5.4.0/avr5\libgcc.a(_udivmodsi4.o)
 .text.libgcc.builtins
                0x00000000        0x0 d:/program files/atmel/studio/7.0/toolchain/avr8/avr8-gnu-toolchain/bin/../lib/gcc/avr/5.4.0/avr5\libgcc.a(_udivmodsi4.o)
 .text.libgcc.fmul
                0x00000000        0x0 d:/program files/atmel/studio/7.0/toolchain/avr8/avr8-gnu-toolchain/bin/../lib/gcc/avr/5.4.0/avr5\libgcc.a(_udivmodsi4.o)
 .text.libgcc.fixed
                0x00000000        0x0 d:/program files/atmel/studio/7.0/toolchain/avr8/avr8-gnu-toolchain/bin/../lib/gcc/avr/5.4.0/avr5\libgcc.a(_udivmodsi4.o)
 .text          0x00000000        0x0 d:/program files/atmel/studio/7.0/toolchain/avr8/avr8-gnu-toolchain/bin/../lib/gcc/avr/5.4.0/avr5\libgcc.a(_exit.o)
 .data          0x00000000        0x0 d:/program files/atmel/studio/7.0/toolchain/avr8/avr8-gnu-toolchain/bin/../lib/gcc/avr/5.4.0/avr5\libgcc.a(_exit.o)
 .bss           0x00000000        0x0 d:/program files/atmel/studio/7.0/toolchain/avr8/avr8-gnu-toolchain/bin/../lib/gcc/avr/5.4.0/avr5\libgcc.a(_exit.o)
 .text.libgcc.mul
                0x00000000        0x0 d:/program files/atmel/studio/7.0/toolchain/avr8/avr8-gnu-toolchain/bin/../lib/gcc/avr/5.4.0/avr5\libgcc.a(_exit.o)
 .text.libgcc.div
                0x00000000        0x0 d:/program files/atmel/studio/7.0/toolchain/avr8/avr8-gnu-toolchain/bin/../lib/gcc/avr/5.4.0/avr5\libgcc.a(_exit.o)
 .text.libgcc   0x00000000        0x0 d:/program files/atmel/studio/7.0/toolchain/avr8/avr8-gnu-toolchain/bin/../lib/gcc/avr/5.4.0/avr5\libgcc.a(_exit.o)
 .text.libgcc.prologue
                0x00000000        0x0 d:/program files/atmel/studio/7.0/toolchain/avr8/avr8-gnu-toolchain/bin/../lib/gcc/avr/5.4.0/avr5\libgcc.a(_exit.o)
 .text.libgcc.builtins
                0x00000000        0x0 d:/program files/atmel/studio/7.0/toolchain/avr8/avr8-gnu-toolchain/bin/../lib/gcc/avr/5.4.0/avr5\libgcc.a(_exit.o)
 .text.libgcc.fmul
                0x00000000        0x0 d:/program files/atmel/studio/7.0/toolchain/avr8/avr8-gnu-toolchain/bin/../lib/gcc/avr/5.4.0/avr5\libgcc.a(_exit.o)
 .text.libgcc.fixed
                0x00000000        0x0 d:/program files/atmel/studio/7.0/toolchain/avr8/avr8-gnu-toolchain/bin/../lib/gcc/avr/5.4.0/avr5\libgcc.a(_exit.o)
 .text          0x00000000        0x0 d:/program files/atmel/studio/7.0/toolchain/avr8/avr8-gnu-toolchain/bin/../lib/gcc/avr/5.4.0/avr5\libgcc.a(_copy_data.o)
 .data          0x00000000        0x0 d:/program files/atmel/studio/7.0/toolchain/avr8/avr8-gnu-toolchain/bin/../lib/gcc/avr/5.4.0/avr5\libgcc.a(_copy_data.o)
 .bss           0x00000000        0x0 d:/program files/atmel/studio/7.0/toolchain/avr8/avr8-gnu-toolchain/bin/../lib/gcc/avr/5.4.0/avr5\libgcc.a(_copy_data.o)
 .text.libgcc.mul
                0x00000000        0x0 d:/program files/atmel/studio/7.0/toolchain/avr8/avr8-gnu-toolchain/bin/../lib/gcc/avr/5.4.0/avr5\libgcc.a(_copy_data.o)
 .text.libgcc.div
                0x00000000        0x0 d:/program files/atmel/studio/7.0/toolchain/avr8/avr8-gnu-toolchain/bin/../lib/gcc/avr/5.4.0/avr5\libgcc.a(_copy_data.o)
 .text.libgcc   0x00000000        0x0 d:/program files/atmel/studio/7.0/toolchain/avr8/avr8-gnu-toolchain/bin/../lib/gcc/avr/5.4.0/avr5\libgcc.a(_copy_data.o)
 .text.libgcc.prologue
                0x00000000        0x0 d:/program files/atmel/studio/7.0/toolchain/avr8/avr8-gnu-toolchain/bin/../lib/gcc/avr/5.4.0/avr5\libgcc.a(_copy_data.o)
 .text.libgcc.builtins
                0x00000000        0x0 d:/program files/atmel/studio/7.0/toolchain/avr8/avr8-gnu-toolchain/bin/../lib/gcc/avr/5.4.0/avr5\libgcc.a(_copy_data.o)
 .text.libgcc.fmul
                0x00000000        0x0 d:/program files/atmel/studio/7.0/toolchain/avr8/avr8-gnu-toolchain/bin/../lib/gcc/avr/5.4.0/avr5\libgcc.a(_copy_data.o)
 .text.libgcc.fixed
                0x00000000        0x0 d:/program files/atmel/studio/7.0/toolchain/avr8/avr8-gnu-toolchain/bin/../lib/gcc/avr/5.4.0/avr5\libgcc.a(_copy_data.o)
 .text          0x00000000        0x0 d:/program files/atmel/studio/7.0/toolchain/avr8/avr8-gnu-toolchain/bin/../lib/gcc/avr/5.4.0/avr5\libgcc.a(_clear_bss.o)
 .data          0x00000000        0x0 d:/program files/atmel/studio/7.0/toolchain/avr8/avr8-gnu-toolchain/bin/../lib/gcc/avr/5.4.0/avr5\libgcc.a(_clear_bss.o)
 .bss           0x00000000        0x0 d:/program files/atmel/studio/7.0/toolchain/avr8/avr8-gnu-toolchain/bin/../lib/gcc/avr/5.4.0/avr5\libgcc.a(_clear_bss.o)
 .text.libgcc.mul
                0x00000000        0x0 d:/program files/atmel/studio/7.0/toolchain/avr8/avr8-gnu-toolchain/bin/../lib/gcc/avr/5.4.0/avr5\libgcc.a(_clear_bss.o)
 .text.libgcc.div
                0x00000000        0x0 d:/program files/atmel/studio/7.0/toolchain/avr8/avr8-gnu-toolchain/bin/../lib/gcc/avr/5.4.0/avr5\libgcc.a(_clear_bss.o)
 .text.libgcc   0x00000000        0x0 d:/program files/atmel/studio/7.0/toolchain/avr8/avr8-gnu-toolchain/bin/../lib/gcc/avr/5.4.0/avr5\libgcc.a(_clear_bss.o)
 .text.libgcc.prologue
                0x00000000        0x0 d:/program files/atmel/studio/7.0/toolchain/avr8/avr8-gnu-toolchain/bin/../lib/gcc/avr/5.4.0/avr5\libgcc.a(_clear_bss.o)
 .text.libgcc.builtins
                0x00000000        0x0 d:/program files/atmel/studio/7.0/toolchain/avr8/avr8-gnu-toolchain/bin/../lib/gcc/avr/5.4.0/avr5\libgcc.a(_clear_bss.o)
 .text.libgcc.fmul
                0x00000000        0x0 d:/program files/atmel/studio/7.0/toolchain/avr8/avr8-gnu-toolchain/bin/../lib/gcc/avr/5.4.0/avr5\libgcc.a(_clear_bss.o)
 .text.libgcc.fixed
                0x00000000        0x0 d:/program files/atmel/studio/7.0/toolchain/avr8/avr8-gnu-toolchain/bin/../lib/gcc/avr/5.4.0/avr5\libgcc.a(_clear_bss.o)
 .text          0x00000000        0x0 d:/program files/atmel/studio/7.0/toolchain/avr8/avr8-gnu-toolchain/bin/../lib/gcc/avr/5.4.0/avr5\libgcc.a(_umulhisi3.o)
 .data          0x00000000        0x0 d:/program files/atmel/studio/7.0/toolchain/avr8/avr8-gnu-toolchain/bin/../lib/gcc/avr/5.4.0/avr5\libgcc.a(_umulhisi3.o)
 .bss           0x00000000        0x0 d:/program files/atmel/studio/7.0/toolchain/avr8/avr8-gnu-toolchain/bin/../lib/gcc/avr/5.4.0/avr5\libgcc.a(_umulhisi3.o)
 .text.libgcc.div
                0x00000000        0x0 d:/program files/atmel/studio/7.0/toolchain/avr8/avr8-gnu-toolchain/bin/../lib/gcc/avr/5.4.0/avr5\libgcc.a(_umulhisi3.o)
 .text.libgcc   0x00000000        0x0 d:/program files/atmel/studio/7.0/toolchain/avr8/avr8-gnu-toolchain/bin/../lib/gcc/avr/5.4.0/avr5\libgcc.a(_umulhisi3.o)
 .text.libgcc.prologue
                0x00000000        0x0 d:/program files/atmel/studio/7.0/toolchain/avr8/avr8-gnu-toolchain/bin/../lib/gcc/avr/5.4.0/avr5\libgcc.a(_umulhisi3.o)
 .text.libgcc.builtins
                0x00000000        0x0 d:/program files/atmel/studio/7.0/toolchain/avr8/avr8-gnu-toolchain/bin/../lib/gcc/avr/5.4.0/avr5\libgcc.a(_umulhisi3.o)
 .text.libgcc.fmul
                0x00000000        0x0 d:/program files/atmel/studio/7.0/toolchain/avr8/avr8-gnu-toolchain/bin/../lib/gcc/avr/5.4.0/avr5\libgcc.a(_umulhisi3.o)
 .text.libgcc.fixed
                0x00000000        0x0 d:/program files/atmel/studio/7.0/toolchain/avr8/avr8-gnu-toolchain/bin/../lib/gcc/avr/5.4.0/avr5\libgcc.a(_umulhisi3.o)

Memory Configuration

Name             Origin             Length             Attributes
text             0x00000000         0x00008000         xr
data             0x00800100         0x00000800         rw !x
eeprom           0x00810000         0x00000400         rw !x
fuse             0x00820000         0x00000003         rw !x
lock             0x00830000         0x00000400         rw !x
signature        0x00840000         0x00000400         rw !x
user_signatures  0x00850000         0x00000400         rw !x
*default*        0x00000000         0xffffffff

Linker script and memory map

Address of section .data set to 0x800100
LOAD D:/Program Files/Atmel/Studio/7.0/Packs/atmel/ATmega_DFP/1.7.374/gcc/dev/atmega328p/avr5/crtatmega328p.o
LOAD I2CLIB/I2CLIB.o
LOAD IR-FLYINGFISH/InfraRojo.o
LOAD main.o
LOAD PROTOCOL/Protocol.o
LOAD SERVO/Servo.o
LOAD STEPPER/Stepper.o
START GROUP
LOAD d:/program files/atmel/studio/7.0/toolchain/avr8/avr8-gnu-toolchain/bin/../lib/gcc/avr/5.4.0/../../../../avr/lib/avr5\libm.a
END GROUP
START GROUP
LOAD d:/program files/atmel/studio/7.0/toolchain/avr8/avr8-gnu-toolchain/bin/../lib/gcc/avr/5.4.0/avr5\libgcc.a
LOAD d:/program files/atmel/studio/7.0/toolchain/avr8/avr8-gnu-toolchain/bin/../lib/gcc/avr/5.4.0/../../../../avr/lib/avr5\libm.a
LOAD d:/program files/atmel/studio/7.0/toolchain/avr8/avr8-gnu-toolchain/bin/../lib/gcc/avr/5.4.0/../../../../avr/lib/avr5\libc.a
LOAD D:/Program Files/Atmel/Studio/7.0/Packs/atmel/ATmega_DFP/1.7.374/gcc/dev/atmega328p/avr5\libatmega328p.a
END GROUP
                0x00000000                __TEXT_REGION_ORIGIN__ = DEFINED (__TEXT_REGION_ORIGIN__)?__TEXT_REGION_ORIGIN__:0x0
                [0x00800100]                __DATA_REGION_ORIGIN__ = DEFINED (__DATA_REGION_ORIGIN__)?__DATA_REGION_ORIGIN__:0x800060
                [0x00008000]                __TEXT_REGION_LENGTH__ = DEFINED (__TEXT_REGION_LENGTH__)?__TEXT_REGION_LENGTH__:0x20000
                [0x00000800]                __DATA_REGION_LENGTH__ = DEFINED (__DATA_REGION_LENGTH__)?__DATA_REGION_LENGTH__:0xffa0
                [0x00000400]                __EEPROM_REGION_LENGTH__ = DEFINED (__EEPROM_REGION_LENGTH__)?__EEPROM_REGION_LENGTH__:0x10000
                [0x00000003]                __FUSE_REGION_LENGTH__ = DEFINED (__FUSE_REGION_LENGTH__)?__FUSE_REGION_LENGTH__:0x400
                0x00000400                __LOCK_REGION_LENGTH__ = DEFINED (__LOCK_REGION_LENGTH__)?__LOCK_REGION_LENGTH__:0x400
                0x00000400                __SIGNATURE_REGION_LENGTH__ = DEFINED (__SIGNATURE_REGION_LENGTH__)?__SIGNATURE_REGION_LENGTH__:0x400
                0x00000400                __USER_SIGNATURE_REGION_LENGTH__ = DEFINED (__USER_SIGNATURE_REGION_LENGTH__)?__USER_SIGNATURE_REGION_LENGTH__:0x400

.hash
 *(.hash)

.dynsym
 *(.dynsym)

.dynstr
 *(.dynstr)

.gnu.version
 *(.gnu.version)

.gnu.version_d
 *(.gnu.version_d)

.gnu.version_r
 *(.gnu.version_r)

.rel.init
 *(.rel.init)

.rela.init
 *(.rela.init)

.rel.text
 *(.rel.text)
 *(.rel.text.*)
 *(.rel.gnu.linkonce.t*)

.rela.text
 *(.rela.text)
 *(.rela.text.*)
 *(.rela.gnu.linkonce.t*)

.rel.fini
 *(.rel.fini)

.rela.fini
 *(.rela.fini)

.rel.rodata
 *(.rel.rodata)
 *(.rel.rodata.*)
 *(.rel.gnu.linkonce.r*)

.rela.rodata
 *(.rela.rodata)
 *(.rela.rodata.*)
 *(.rela.gnu.linkonce.r*)

.rel.data
 *(.rel.data)
 *(.rel.data.*)
 *(.rel.gnu.linkonce.d*)

.rela.data
 *(.rela.data)
 *(.rela.data.*)
 *(.rela.gnu.linkonce.d*)

.rel.ctors
 *(.rel.ctors)

.rela.ctors
 *(.rela.ctors)

.rel.dtors
 *(.rel.dtors)

.rela.dtors
 *(.rela.dtors)

.rel.got
 *(.rel.got)

.rela.got
 *(.rela.got)

.rel.bss
 *(.rel.bss)

.rela.bss
 *(.rela.bss)

.rel.plt
 *(.rel.plt)

.rela.plt
 *(.rela.plt)

.text           0x00000000     0x115c
 *(.vectors)
 .vectors       0x00000000       0x68 D:/Program Files/Atmel/Studio/7.0/Packs/atmel/ATmega_DFP/1.7.374/gcc/dev/atmega328p/avr5/crtatmega328p.o
                0x00000000                __vector_default
                0x00000000                __vectors
 *(.vectors)
 *(.progmem.gcc*)
                0x00000068                . = ALIGN (0x2)
                0x00000068                __trampolines_start = .
 *(.trampolines)
 .trampolines   0x00000068        0x0 linker stubs
 *(.trampolines*)
                0x00000068                __trampolines_end = .
 *libprintf_flt.a:*(.progmem.data)
 *libc.a:*(.progmem.data)
 *(.progmem*)
                0x00000068                . = ALIGN (0x2)
 *(.jumptables)
 *(.jumptables*)
 *(.lowtext)
 *(.lowtext*)
                0x00000068                __ctors_start = .
 *(.ctors)
                0x00000068                __ctors_end = .
                0x00000068                __dtors_start = .
 *(.dtors)
                0x00000068                __dtors_end = .
 SORT(*)(.ctors)
 SORT(*)(.dtors)
 *(.init0)
 .init0         0x00000068        0x0 D:/Program Files/Atmel/Studio/7.0/Packs/atmel/ATmega_DFP/1.7.374/gcc/dev/atmega328p/avr5/crtatmega328p.o
                0x00000068                __init
 *(.init0)
 *(.init1)
 *(.init1)
 *(.init2)
 .init2         0x00000068        0xc D:/Program Files/Atmel/Studio/7.0/Packs/atmel/ATmega_DFP/1.7.374/gcc/dev/atmega328p/avr5/crtatmega328p.o
 *(.init2)
 *(.init3)
 *(.init3)
 *(.init4)
 .init4         0x00000074       0x16 d:/program files/atmel/studio/7.0/toolchain/avr8/avr8-gnu-toolchain/bin/../lib/gcc/avr/5.4.0/avr5\libgcc.a(_copy_data.o)
                0x00000074                __do_copy_data
 .init4         0x0000008a       0x10 d:/program files/atmel/studio/7.0/toolchain/avr8/avr8-gnu-toolchain/bin/../lib/gcc/avr/5.4.0/avr5\libgcc.a(_clear_bss.o)
                0x0000008a                __do_clear_bss
 *(.init4)
 *(.init5)
 *(.init5)
 *(.init6)
 *(.init6)
 *(.init7)
 *(.init7)
 *(.init8)
 *(.init8)
 *(.init9)
 .init9         0x0000009a        0x8 D:/Program Files/Atmel/Studio/7.0/Packs/atmel/ATmega_DFP/1.7.374/gcc/dev/atmega328p/avr5/crtatmega328p.o
 *(.init9)
 *(.text)
 .text          0x000000a2        0x4 D:/Program Files/Atmel/Studio/7.0/Packs/atmel/ATmega_DFP/1.7.374/gcc/dev/atmega328p/avr5/crtatmega328p.o
                0x000000a2                __vector_22
                0x000000a2                __vector_1
                0x000000a2                __vector_12
                0x000000a2                __bad_interrupt
                0x000000a2                __vector_6
                0x000000a2                __vector_3
                0x000000a2                __vector_23
                0x000000a2                __vector_25
                0x000000a2                __vector_17
                0x000000a2                __vector_19
                0x000000a2                __vector_5
                0x000000a2                __vector_4
                0x000000a2                __vector_9
                0x000000a2                __vector_2
                0x000000a2                __vector_21
                0x000000a2                __vector_15
                0x000000a2                __vector_8
                0x000000a2                __vector_14
                0x000000a2                __vector_10
                0x000000a2                __vector_16
                0x000000a2                __vector_18
                0x000000a2                __vector_20
                0x000000a6                . = ALIGN (0x2)
 *(.text.*)
 .text.I2C_Slave_Continue
                0x000000a6        0x8 I2CLIB/I2CLIB.o
 .text.I2C_Slave_FinalizeReception
                0x000000ae       0x7a I2CLIB/I2CLIB.o
 .text.I2C_Slave_Init
                0x00000128       0x44 I2CLIB/I2CLIB.o
                0x00000128                I2C_Slave_Init
 .text.I2C_Slave_RequestAvailable
                0x0000016c       0x2a I2CLIB/I2CLIB.o
                0x0000016c                I2C_Slave_RequestAvailable
 .text.I2C_Slave_GetRequest
                0x00000196       0x9e I2CLIB/I2CLIB.o
                0x00000196                I2C_Slave_GetRequest
 .text.I2C_Slave_SetResponse
                0x00000234       0x52 I2CLIB/I2CLIB.o
                0x00000234                I2C_Slave_SetResponse
 .text.__vector_24
                0x00000286      0x19e I2CLIB/I2CLIB.o
                0x00000286                __vector_24
 .text.InfraRojo_Init
                0x00000424       0x6a IR-FLYINGFISH/InfraRojo.o
                0x00000424                InfraRojo_Init
 .text.InfraRojo_ReadPinLevel
                0x0000048e       0x1e IR-FLYINGFISH/InfraRojo.o
                0x0000048e                InfraRojo_ReadPinLevel
 .text.Slave2_UpdateSensor
                0x000004ac       0x20 main.o
 .text.Slave2_SendResponse
                0x000004cc       0x38 main.o
 .text.Slave2_SendStatus
                0x00000504       0x50 main.o
 .text.Slave2_HandleSensorRead
                0x00000554       0x7a main.o
 .text.Slave2_HandlePing
                0x000005ce       0xbe main.o
 .text.Slave2_HandleStepperMove
                0x0000068c       0x60 main.o
 .text.Slave2_HandleValidatedRequest
                0x000006ec       0xb2 main.o
 .text.Slave2_ServiceI2C
                0x0000079e       0x76 main.o
 .text.main     0x00000814       0x8a main.o
                0x00000814                main
 .text.Protocol_Clear
                0x0000089e       0x16 PROTOCOL/Protocol.o
 .text.Protocol_Copy
                0x000008b4       0x2a PROTOCOL/Protocol.o
 .text.Protocol_IsKnownCommand
                0x000008de        0xe PROTOCOL/Protocol.o
                0x000008de                Protocol_IsKnownCommand
 .text.Protocol_IsKnownDevice
                0x000008ec       0x18 PROTOCOL/Protocol.o
                0x000008ec                Protocol_IsKnownDevice
 .text.Protocol_IsKnownStatus
                0x00000904        0xc PROTOCOL/Protocol.o
                0x00000904                Protocol_IsKnownStatus
 .text.Protocol_ValidateRequest
                0x00000910      0x136 PROTOCOL/Protocol.o
                0x00000910                Protocol_ValidateRequest
 .text.Protocol_CreateResponse
                0x00000a46       0x7c PROTOCOL/Protocol.o
                0x00000a46                Protocol_CreateResponse
 .text.Protocol_EncodeResponse
                0x00000ac2       0x56 PROTOCOL/Protocol.o
                0x00000ac2                Protocol_EncodeResponse
 .text.Protocol_DecodeRequest
                0x00000b18       0x52 PROTOCOL/Protocol.o
                0x00000b18                Protocol_DecodeRequest
 .text.Servo_AngleToTicks
                0x00000b6a       0x26 SERVO/Servo.o
 .text.Servo_Init
                0x00000b90       0x90 SERVO/Servo.o
                0x00000b90                Servo_Init
 .text.Servo_SetAngle
                0x00000c20       0x3e SERVO/Servo.o
                0x00000c20                Servo_SetAngle
 .text.Servo_GetAngle
                0x00000c5e       0x16 SERVO/Servo.o
                0x00000c5e                Servo_GetAngle
 .text.__vector_13
                0x00000c74       0x3a SERVO/Servo.o
                0x00000c74                __vector_13
 .text.__vector_11
                0x00000cae       0x3c SERVO/Servo.o
                0x00000cae                __vector_11
 .text.Stepper_ConfigureRate
                0x00000cea       0x82 STEPPER/Stepper.o
 .text.Stepper_WritePattern
                0x00000d6c       0x6e STEPPER/Stepper.o
 .text.Stepper_ApplyCurrentStep
                0x00000dda       0x28 STEPPER/Stepper.o
 .text.Stepper_Start
                0x00000e02       0x9a STEPPER/Stepper.o
 .text.Stepper_Init
                0x00000e9c      0x102 STEPPER/Stepper.o
                0x00000e9c                Stepper_Init
 .text.Stepper_RunContinuous
                0x00000f9e        0xe STEPPER/Stepper.o
                0x00000f9e                Stepper_RunContinuous
 .text.Stepper_Move
                0x00000fac        0x8 STEPPER/Stepper.o
                0x00000fac                Stepper_Move
 .text.Stepper_Stop
                0x00000fb4       0x42 STEPPER/Stepper.o
                0x00000fb4                Stepper_Stop
 .text.Stepper_GetState
                0x00000ff6       0x26 STEPPER/Stepper.o
                0x00000ff6                Stepper_GetState
 .text.__vector_7
                0x0000101c       0xda STEPPER/Stepper.o
                0x0000101c                __vector_7
 .text.libgcc.div
                0x000010f6       0x44 d:/program files/atmel/studio/7.0/toolchain/avr8/avr8-gnu-toolchain/bin/../lib/gcc/avr/5.4.0/avr5\libgcc.a(_udivmodsi4.o)
                0x000010f6                __udivmodsi4
 .text.libgcc.mul
                0x0000113a       0x1e d:/program files/atmel/studio/7.0/toolchain/avr8/avr8-gnu-toolchain/bin/../lib/gcc/avr/5.4.0/avr5\libgcc.a(_umulhisi3.o)
                0x0000113a                __umulhisi3
                0x00001158                . = ALIGN (0x2)
 *(.fini9)
 .fini9         0x00001158        0x0 d:/program files/atmel/studio/7.0/toolchain/avr8/avr8-gnu-toolchain/bin/../lib/gcc/avr/5.4.0/avr5\libgcc.a(_exit.o)
                0x00001158                _exit
                0x00001158                exit
 *(.fini9)
 *(.fini8)
 *(.fini8)
 *(.fini7)
 *(.fini7)
 *(.fini6)
 *(.fini6)
 *(.fini5)
 *(.fini5)
 *(.fini4)
 *(.fini4)
 *(.fini3)
 *(.fini3)
 *(.fini2)
 *(.fini2)
 *(.fini1)
 *(.fini1)
 *(.fini0)
 .fini0         0x00001158        0x4 d:/program files/atmel/studio/7.0/toolchain/avr8/avr8-gnu-toolchain/bin/../lib/gcc/avr/5.4.0/avr5\libgcc.a(_exit.o)
 *(.fini0)
                0x0000115c                _etext = .

.data           0x00800100       0x3a load address 0x0000115c
                0x00800100                PROVIDE (__data_start, .)
 *(.data)
 *(.data*)
 .data.infrared_sample
                0x00800100        0x3 main.o
 .data.stepper_mode
                0x00800103        0x1 STEPPER/Stepper.o
 .data.stepper_sequence_length
                0x00800104        0x1 STEPPER/Stepper.o
 *(.gnu.linkonce.d*)
 *(.rodata)
 .rodata        0x00800105       0x14 main.o
 *(.rodata*)
 .rodata.clock_bits.1671
                0x00800119        0x7 STEPPER/Stepper.o
 .rodata.prescalers.1670
                0x00800120        0xe STEPPER/Stepper.o
 .rodata.full_step_sequence
                0x0080012e        0x4 STEPPER/Stepper.o
 .rodata.half_step_sequence
                0x00800132        0x8 STEPPER/Stepper.o
 *(.gnu.linkonce.r*)
                0x0080013a                . = ALIGN (0x2)
                0x0080013a                _edata = .
                0x0080013a                PROVIDE (__data_end, .)

.bss            0x0080013a       0x58
                0x0080013a                PROVIDE (__bss_start, .)
 *(.bss)
 *(.bss*)
 .bss.tx_index  0x0080013a        0x1 I2CLIB/I2CLIB.o
 .bss.active_response_valid
                0x0080013b        0x1 I2CLIB/I2CLIB.o
 .bss.response_ready
                0x0080013c        0x1 I2CLIB/I2CLIB.o
 .bss.rejected_pending
                0x0080013d        0x1 I2CLIB/I2CLIB.o
 .bss.request_in_progress
                0x0080013e        0x1 I2CLIB/I2CLIB.o
 .bss.request_pending
                0x0080013f        0x1 I2CLIB/I2CLIB.o
 .bss.rx_overflow
                0x00800140        0x1 I2CLIB/I2CLIB.o
 .bss.rx_index  0x00800141        0x1 I2CLIB/I2CLIB.o
 .bss.active_response
                0x00800142        0x8 I2CLIB/I2CLIB.o
 .bss.staged_response
                0x0080014a        0x8 I2CLIB/I2CLIB.o
 .bss.rejected_request
                0x00800152        0x8 I2CLIB/I2CLIB.o
 .bss.pending_request
                0x0080015a        0x8 I2CLIB/I2CLIB.o
 .bss.rx_buffer
                0x00800162        0x8 I2CLIB/I2CLIB.o
 .bss.infrared_pin_mask
                0x0080016a        0x1 IR-FLYINGFISH/InfraRojo.o
 .bss.infrared_pin_register
                0x0080016b        0x2 IR-FLYINGFISH/InfraRojo.o
 .bss.servo_door_initialized
                0x0080016d        0x1 main.o
 .bss.stepper_initialized
                0x0080016e        0x1 main.o
 .bss.infrared_initialized
                0x0080016f        0x1 main.o
 .bss.servo_initialized
                0x00800170        0x1 SERVO/Servo.o
 .bss.servo_angle
                0x00800171        0x1 SERVO/Servo.o
 .bss.servo_pin_mask
                0x00800172        0x1 SERVO/Servo.o
 .bss.servo_port
                0x00800173        0x2 SERVO/Servo.o
 .bss.stepper_initialized
                0x00800175        0x1 STEPPER/Stepper.o
 .bss.stepper_index
                0x00800176        0x1 STEPPER/Stepper.o
 .bss.stepper_state
                0x00800177        0x7 STEPPER/Stepper.o
 .bss.stepper_config
                0x0080017e       0x14 STEPPER/Stepper.o
 *(COMMON)
                0x00800192                PROVIDE (__bss_end, .)
                0x0000115c                __data_load_start = LOADADDR (.data)
                0x00001196                __data_load_end = (__data_load_start + SIZEOF (.data))

.noinit         0x00800192        0x0
                [!provide]                PROVIDE (__noinit_start, .)
 *(.noinit*)
                [!provide]                PROVIDE (__noinit_end, .)
                0x00800192                _end = .
                [!provide]                PROVIDE (__heap_start, .)

.eeprom         0x00810000        0x0
 *(.eeprom*)
                0x00810000                __eeprom_end = .

.fuse
 *(.fuse)
 *(.lfuse)
 *(.hfuse)
 *(.efuse)

.lock
 *(.lock*)

.signature
 *(.signature*)

.user_signatures
 *(.user_signatures*)

.stab
 *(.stab)

.stabstr
 *(.stabstr)

.stab.excl
 *(.stab.excl)

.stab.exclstr
 *(.stab.exclstr)

.stab.index
 *(.stab.index)

.stab.indexstr
 *(.stab.indexstr)

.comment        0x00000000       0x30
 *(.comment)
 .comment       0x00000000       0x30 I2CLIB/I2CLIB.o
                                 0x31 (size before relaxing)
 .comment       0x00000030       0x31 IR-FLYINGFISH/InfraRojo.o
 .comment       0x00000030       0x31 main.o
 .comment       0x00000030       0x31 PROTOCOL/Protocol.o
 .comment       0x00000030       0x31 SERVO/Servo.o
 .comment       0x00000030       0x31 STEPPER/Stepper.o

.note.gnu.avr.deviceinfo
                0x00000000       0x40
 .note.gnu.avr.deviceinfo
                0x00000000       0x40 D:/Program Files/Atmel/Studio/7.0/Packs/atmel/ATmega_DFP/1.7.374/gcc/dev/atmega328p/avr5/crtatmega328p.o

.note.gnu.build-id
 *(.note.gnu.build-id)

.debug
 *(.debug)

.line
 *(.line)

.debug_srcinfo
 *(.debug_srcinfo)

.debug_sfnames
 *(.debug_sfnames)

.debug_aranges  0x00000000      0x210
 *(.debug_aranges)
 .debug_aranges
                0x00000000       0x50 I2CLIB/I2CLIB.o
 .debug_aranges
                0x00000050       0x28 IR-FLYINGFISH/InfraRojo.o
 .debug_aranges
                0x00000078       0x60 main.o
 .debug_aranges
                0x000000d8       0x80 PROTOCOL/Protocol.o
 .debug_aranges
                0x00000158       0x48 SERVO/Servo.o
 .debug_aranges
                0x000001a0       0x70 STEPPER/Stepper.o

.debug_pubnames
 *(.debug_pubnames)

.debug_info     0x00000000     0x2859
 *(.debug_info .gnu.linkonce.wi.*)
 .debug_info    0x00000000      0x5f4 D:/Program Files/Atmel/Studio/7.0/Packs/atmel/ATmega_DFP/1.7.374/gcc/dev/atmega328p/avr5/crtatmega328p.o
 .debug_info    0x000005f4      0x396 I2CLIB/I2CLIB.o
 .debug_info    0x0000098a      0x128 IR-FLYINGFISH/InfraRojo.o
 .debug_info    0x00000ab2      0xbdb main.o
 .debug_info    0x0000168d      0x75c PROTOCOL/Protocol.o
 .debug_info    0x00001de9      0x2dc SERVO/Servo.o
 .debug_info    0x000020c5      0x794 STEPPER/Stepper.o

.debug_abbrev   0x00000000      0xf20
 *(.debug_abbrev)
 .debug_abbrev  0x00000000      0x5a2 D:/Program Files/Atmel/Studio/7.0/Packs/atmel/ATmega_DFP/1.7.374/gcc/dev/atmega328p/avr5/crtatmega328p.o
 .debug_abbrev  0x000005a2      0x116 I2CLIB/I2CLIB.o
 .debug_abbrev  0x000006b8       0xbb IR-FLYINGFISH/InfraRojo.o
 .debug_abbrev  0x00000773      0x223 main.o
 .debug_abbrev  0x00000996      0x1f5 PROTOCOL/Protocol.o
 .debug_abbrev  0x00000b8b      0x195 SERVO/Servo.o
 .debug_abbrev  0x00000d20      0x200 STEPPER/Stepper.o

.debug_line     0x00000000     0x1c5f
 *(.debug_line .debug_line.* .debug_line_end)
 .debug_line    0x00000000      0x134 D:/Program Files/Atmel/Studio/7.0/Packs/atmel/ATmega_DFP/1.7.374/gcc/dev/atmega328p/avr5/crtatmega328p.o
 .debug_line    0x00000134      0x4f7 I2CLIB/I2CLIB.o
 .debug_line    0x0000062b      0x132 IR-FLYINGFISH/InfraRojo.o
 .debug_line    0x0000075d      0x4ae main.o
 .debug_line    0x00000c0b      0x75a PROTOCOL/Protocol.o
 .debug_line    0x00001365      0x2d3 SERVO/Servo.o
 .debug_line    0x00001638      0x627 STEPPER/Stepper.o

.debug_frame    0x00000000      0x5fc
 *(.debug_frame)
 .debug_frame   0x00000000       0xcc I2CLIB/I2CLIB.o
 .debug_frame   0x000000cc       0x3c IR-FLYINGFISH/InfraRojo.o
 .debug_frame   0x00000108      0x154 main.o
 .debug_frame   0x0000025c      0x198 PROTOCOL/Protocol.o
 .debug_frame   0x000003f4       0xbc SERVO/Servo.o
 .debug_frame   0x000004b0      0x14c STEPPER/Stepper.o

.debug_str      0x00000000      0xd8b
 *(.debug_str)
 .debug_str     0x00000000      0x208 D:/Program Files/Atmel/Studio/7.0/Packs/atmel/ATmega_DFP/1.7.374/gcc/dev/atmega328p/avr5/crtatmega328p.o
 .debug_str     0x00000208      0x349 I2CLIB/I2CLIB.o
                                0x389 (size before relaxing)
 .debug_str     0x00000551       0x85 IR-FLYINGFISH/InfraRojo.o
                                0x217 (size before relaxing)
 .debug_str     0x000005d6      0x4c6 main.o
                                0x782 (size before relaxing)
 .debug_str     0x00000a9c      0x11c PROTOCOL/Protocol.o
                                0x4c1 (size before relaxing)
 .debug_str     0x00000bb8       0xa9 SERVO/Servo.o
                                0x281 (size before relaxing)
 .debug_str     0x00000c61      0x12a STEPPER/Stepper.o
                                0x46d (size before relaxing)

.debug_loc      0x00000000     0x1fd7
 *(.debug_loc)
 .debug_loc     0x00000000      0x306 I2CLIB/I2CLIB.o
 .debug_loc     0x00000306       0xfb IR-FLYINGFISH/InfraRojo.o
 .debug_loc     0x00000401      0x5b3 main.o
 .debug_loc     0x000009b4      0xbb2 PROTOCOL/Protocol.o
 .debug_loc     0x00001566      0x298 SERVO/Servo.o
 .debug_loc     0x000017fe      0x7d9 STEPPER/Stepper.o

.debug_macinfo
 *(.debug_macinfo)

.debug_weaknames
 *(.debug_weaknames)

.debug_funcnames
 *(.debug_funcnames)

.debug_typenames
 *(.debug_typenames)

.debug_varnames
 *(.debug_varnames)

.debug_pubtypes
 *(.debug_pubtypes)

.debug_ranges   0x00000000      0x1b0
 *(.debug_ranges)
 .debug_ranges  0x00000000       0x40 I2CLIB/I2CLIB.o
 .debug_ranges  0x00000040       0x18 IR-FLYINGFISH/InfraRojo.o
 .debug_ranges  0x00000058       0x50 main.o
 .debug_ranges  0x000000a8       0x70 PROTOCOL/Protocol.o
 .debug_ranges  0x00000118       0x38 SERVO/Servo.o
 .debug_ranges  0x00000150       0x60 STEPPER/Stepper.o

.debug_macro
 *(.debug_macro)
OUTPUT(SLAVE2.elf elf32-avr)
LOAD linker stubs
