\BOOKMARK [1][-]{section.1}{\376\377\000I\000n\000t\000r\000o\000d\000u\000c\000c\000i\000\363\000n}{}% 1
\BOOKMARK [1][-]{section.2}{\376\377\000O\000b\000j\000e\000t\000i\000v\000o\000s}{}% 2
\BOOKMARK [2][-]{subsection.2.1}{\376\377\000O\000b\000j\000e\000t\000i\000v\000o\000\040\000g\000e\000n\000e\000r\000a\000l}{section.2}% 3
\BOOKMARK [2][-]{subsection.2.2}{\376\377\000O\000b\000j\000e\000t\000i\000v\000o\000s\000\040\000e\000s\000p\000e\000c\000\355\000f\000i\000c\000o\000s}{section.2}% 4
\BOOKMARK [1][-]{section.3}{\376\377\000D\000e\000s\000c\000r\000i\000p\000c\000i\000\363\000n\000\040\000g\000e\000n\000e\000r\000a\000l\000\040\000d\000e\000l\000\040\000p\000r\000o\000y\000e\000c\000t\000o}{}% 5
\BOOKMARK [1][-]{section.4}{\376\377\000F\000u\000n\000c\000i\000o\000n\000a\000m\000i\000e\000n\000t\000o\000\040\000d\000e\000l\000\040\000s\000i\000s\000t\000e\000m\000a}{}% 6
\BOOKMARK [1][-]{section.5}{\376\377\000A\000r\000q\000u\000i\000t\000e\000c\000t\000u\000r\000a\000\040\000d\000e\000l\000\040\000s\000i\000s\000t\000e\000m\000a\000\040\000y\000\040\000d\000i\000s\000t\000r\000i\000b\000u\000c\000i\000\363\000n\000\040\000d\000e\000\040\000m\000i\000c\000r\000o\000c\000o\000n\000t\000r\000o\000l\000a\000d\000o\000r\000e\000s}{}% 7
\BOOKMARK [2][-]{subsection.5.1}{\376\377\000A\000T\000m\000e\000g\000a\0003\0002\0008\000P\000\040\000M\000a\000e\000s\000t\000r\000o}{section.5}% 8
\BOOKMARK [2][-]{subsection.5.2}{\376\377\000A\000T\000m\000e\000g\000a\0003\0002\0008\000P\000\040\000S\000l\000a\000v\000e\000\040\0001\000\040\040\023\000\040\000d\000i\000r\000e\000c\000c\000i\000\363\000n\000\040\000I\0002\000C\000\040\0000\000x\0001\0001}{section.5}% 9
\BOOKMARK [2][-]{subsection.5.3}{\376\377\000A\000T\000m\000e\000g\000a\0003\0002\0008\000P\000\040\000S\000l\000a\000v\000e\000\040\0002\000\040\040\023\000\040\000d\000i\000r\000e\000c\000c\000i\000\363\000n\000\040\000I\0002\000C\000\040\0000\000x\0001\0002}{section.5}% 10
\BOOKMARK [2][-]{subsection.5.4}{\376\377\000B\000u\000s\000\040\000I\0002\000C\000\040\000c\000o\000m\000p\000a\000r\000t\000i\000d\000o}{section.5}% 11
\BOOKMARK [2][-]{subsection.5.5}{\376\377\000A\000l\000i\000m\000e\000n\000t\000a\000c\000i\000\363\000n}{section.5}% 12
\BOOKMARK [1][-]{section.6}{\376\377\000R\000e\000d\000\040\000d\000e\000\040\000s\000e\000n\000s\000o\000r\000e\000s}{}% 13
\BOOKMARK [2][-]{subsection.6.1}{\376\377\000S\000e\000n\000s\000o\000r\000\040\000i\000n\000f\000r\000a\000r\000r\000o\000j\000o\000\040\000d\000e\000\040\000e\000n\000t\000r\000a\000d\000a}{section.6}% 14
\BOOKMARK [2][-]{subsection.6.2}{\376\377\000H\000C\000-\000S\000R\0000\0004\000\040\000y\000\040\000n\000i\000v\000e\000l\000\040\000d\000e\000l\000\040\000d\000e\000p\000\363\000s\000i\000t\000o}{section.6}% 15
\BOOKMARK [2][-]{subsection.6.3}{\376\377\000V\000L\0005\0003\000L\0000\000X}{section.6}% 16
\BOOKMARK [1][-]{section.7}{\376\377\000A\000c\000t\000u\000a\000d\000o\000r\000e\000s}{}% 17
\BOOKMARK [2][-]{subsection.7.1}{\376\377\000S\000e\000r\000v\000o\000m\000o\000t\000o\000r\000e\000s}{section.7}% 18
\BOOKMARK [2][-]{subsection.7.2}{\376\377\000M\000o\000t\000o\000r\000\040\000D\000C\000\040\000y\000\040\000L\0002\0009\0008\000N}{section.7}% 19
\BOOKMARK [2][-]{subsection.7.3}{\376\377\000M\000o\000t\000o\000r\000\040\000p\000a\000s\000o\000\040\000a\000\040\000p\000a\000s\000o\000\040\000y\000\040\000U\000L\000N\0002\0000\0000\0003}{section.7}% 20
\BOOKMARK [1][-]{section.8}{\376\377\000P\000a\000n\000t\000a\000l\000l\000a\000\040\000L\000C\000D}{}% 21
\BOOKMARK [1][-]{section.9}{\376\377\000P\000r\000o\000t\000o\000c\000o\000l\000o\000s\000\040\000d\000e\000\040\000c\000o\000m\000u\000n\000i\000c\000a\000c\000i\000\363\000n}{}% 22
\BOOKMARK [2][-]{subsection.9.1}{\376\377\000I\0002\000C}{section.9}% 23
\BOOKMARK [2][-]{subsection.9.2}{\376\377\000U\000A\000R\000T}{section.9}% 24
\BOOKMARK [1][-]{section.10}{\376\377\000D\000i\000s\000e\000\361\000o\000\040\000y\000\040\000c\000o\000n\000s\000t\000r\000u\000c\000c\000i\000\363\000n\000\040\000d\000e\000\040\000l\000a\000\040\000m\000a\000q\000u\000e\000t\000a}{}% 25
\BOOKMARK [2][-]{subsection.10.1}{\376\377\000I\000n\000t\000e\000g\000r\000a\000c\000i\000\363\000n\000\040\000e\000l\000e\000c\000t\000r\000\363\000n\000i\000c\000a\000\040\000f\000i\000n\000a\000l}{section.10}% 26
\BOOKMARK [1][-]{section.11}{\376\377\000C\000i\000r\000c\000u\000i\000t\000o\000s\000\040\000y\000\040\000c\000o\000n\000e\000x\000i\000o\000n\000e\000s}{}% 27
\BOOKMARK [2][-]{subsection.11.1}{\376\377\000A\000T\000m\000e\000g\000a\0003\0002\0008\000P\000\040\000M\000a\000e\000s\000t\000r\000o}{section.11}% 28
\BOOKMARK [2][-]{subsection.11.2}{\376\377\000S\000l\000a\000v\000e\000\040\0001\000\040\040\023\000\040\0000\000x\0001\0001}{section.11}% 29
\BOOKMARK [2][-]{subsection.11.3}{\376\377\000S\000l\000a\000v\000e\000\040\0002\000\040\040\023\000\040\0000\000x\0001\0002}{section.11}% 30
\BOOKMARK [2][-]{subsection.11.4}{\376\377\000C\000o\000n\000e\000x\000i\000\363\000n\000\040\000d\000e\000l\000\040\000E\000S\000P\0003\0002}{section.11}% 31
\BOOKMARK [1][-]{section.12}{\376\377\000D\000i\000a\000g\000r\000a\000m\000a\000\040\000d\000e\000\040\000f\000l\000u\000j\000o\000\040\000y\000\040\000p\000s\000e\000u\000d\000o\000c\000\363\000d\000i\000g\000o}{}% 32
\BOOKMARK [1][-]{section.13}{\376\377\000I\000m\000p\000l\000e\000m\000e\000n\000t\000a\000c\000i\000\363\000n\000\040\000d\000e\000l\000\040\000s\000o\000f\000t\000w\000a\000r\000e}{}% 33
\BOOKMARK [2][-]{subsection.13.1}{\376\377\000P\000r\000o\000g\000r\000a\000m\000a\000\040\000M\000a\000e\000s\000t\000r\000o}{section.13}% 34
\BOOKMARK [2][-]{subsection.13.2}{\376\377\000S\000l\000a\000v\000e\000\040\0001}{section.13}% 35
\BOOKMARK [2][-]{subsection.13.3}{\376\377\000S\000l\000a\000v\000e\000\040\0002}{section.13}% 36
\BOOKMARK [2][-]{subsection.13.4}{\376\377\000P\000r\000o\000t\000o\000c\000o\000l\000o\000\040\000d\000e\000\040\000a\000p\000l\000i\000c\000a\000c\000i\000\363\000n}{section.13}% 37
\BOOKMARK [2][-]{subsection.13.5}{\376\377\000I\000n\000t\000e\000g\000r\000a\000c\000i\000\363\000n\000\040\000d\000e\000l\000\040\000E\000S\000P\0003\0002}{section.13}% 38
\BOOKMARK [1][-]{section.14}{\376\377\000E\000S\000P\0003\0002\000\040\000y\000\040\000A\000d\000a\000f\000r\000u\000i\000t\000\040\000I\000O}{}% 39
\BOOKMARK [2][-]{subsection.14.1}{\376\377\000E\000n\000l\000a\000c\000e\000\040\000U\000A\000R\000T\000\040\000e\000n\000t\000r\000e\000\040\000e\000l\000\040\000M\000a\000e\000s\000t\000r\000o\000\040\000y\000\040\000e\000l\000\040\000E\000S\000P\0003\0002}{section.14}% 40
\BOOKMARK [2][-]{subsection.14.2}{\376\377\000F\000o\000r\000m\000a\000t\000o\000\040\000d\000e\000\040\000l\000a\000s\000\040\000t\000r\000a\000m\000a\000s}{section.14}% 41
\BOOKMARK [2][-]{subsection.14.3}{\376\377\000F\000e\000e\000d\000s\000\040\000i\000m\000p\000l\000e\000m\000e\000n\000t\000a\000d\000o\000s}{section.14}% 42
\BOOKMARK [2][-]{subsection.14.4}{\376\377\000P\000u\000b\000l\000i\000c\000a\000c\000i\000\363\000n\000\040\000d\000e\000\040\000t\000e\000l\000e\000m\000e\000t\000r\000\355\000a}{section.14}% 43
\BOOKMARK [2][-]{subsection.14.5}{\376\377\000C\000o\000n\000t\000r\000o\000l\000\040\000m\000a\000n\000u\000a\000l\000\040\000d\000e\000s\000d\000e\000\040\000A\000d\000a\000f\000r\000u\000i\000t\000\040\000I\000O}{section.14}% 44
\BOOKMARK [2][-]{subsection.14.6}{\376\377\000A\000l\000c\000a\000n\000c\000e\000\040\000d\000e\000\040\000l\000a\000\040\000i\000m\000p\000l\000e\000m\000e\000n\000t\000a\000c\000i\000\363\000n\000\040\000a\000c\000t\000u\000a\000l}{section.14}% 45
\BOOKMARK [1][-]{section.15}{\376\377\000P\000r\000u\000e\000b\000a\000s\000\040\000y\000\040\000r\000e\000s\000u\000l\000t\000a\000d\000o\000s}{}% 46
\BOOKMARK [1][-]{section.16}{\376\377\000A\000n\000\341\000l\000i\000s\000i\000s\000\040\000d\000e\000\040\000r\000e\000s\000u\000l\000t\000a\000d\000o\000s}{}% 47
\BOOKMARK [1][-]{section.17}{\376\377\000P\000r\000o\000b\000l\000e\000m\000a\000s\000\040\000e\000n\000c\000o\000n\000t\000r\000a\000d\000o\000s\000\040\000y\000\040\000s\000o\000l\000u\000c\000i\000o\000n\000e\000s}{}% 48
\BOOKMARK [2][-]{subsection.17.1}{\376\377\000V\000e\000r\000i\000f\000i\000c\000a\000c\000i\000\363\000n\000\040\000d\000e\000\040\000l\000a\000\040\000c\000o\000m\000u\000n\000i\000c\000a\000c\000i\000\363\000n\000\040\000I\0002\000C}{section.17}% 49
\BOOKMARK [2][-]{subsection.17.2}{\376\377\000R\000e\000i\000n\000i\000c\000i\000o\000\040\000d\000e\000l\000\040\000M\000a\000e\000s\000t\000r\000o\000\040\000d\000u\000r\000a\000n\000t\000e\000\040\000e\000l\000\040\000a\000c\000c\000i\000o\000n\000a\000m\000i\000e\000n\000t\000o\000\040\000d\000e\000l\000\040\000m\000o\000t\000o\000r\000\040\000D\000C}{section.17}% 50
\BOOKMARK [1][-]{section.18}{\376\377\000C\000o\000n\000c\000l\000u\000s\000i\000o\000n\000e\000s}{}% 51
\BOOKMARK [1][-]{section.19}{\376\377\000B\000i\000b\000l\000i\000o\000g\000r\000a\000f\000\355\000a}{}% 52
\BOOKMARK [1][-]{section.20}{\376\377\000A\000n\000e\000x\000o\000s}{}% 53
\BOOKMARK [2][-]{subsection.20.1}{\376\377\000O\000r\000g\000a\000n\000i\000z\000a\000c\000i\000\363\000n\000\040\000d\000e\000l\000\040\000c\000\363\000d\000i\000g\000o\000\040\000f\000u\000e\000n\000t\000e}{section.20}% 54
\BOOKMARK [2][-]{subsection.20.2}{\376\377\000V\000i\000d\000e\000o\000\040\000d\000e\000\040\000d\000e\000m\000o\000s\000t\000r\000a\000c\000i\000\363\000n}{section.20}% 55
