Archive member included to satisfy reference by file (symbol)

d:/program files/atmel/studio/7.0/toolchain/avr8/avr8-gnu-toolchain/bin/../lib/gcc/avr/5.4.0/avr5\libgcc.a(_udivmodsi4.o)
                              I2CLIB/I2CLIB.o (__udivmodsi4)
d:/program files/atmel/studio/7.0/toolchain/avr8/avr8-gnu-toolchain/bin/../lib/gcc/avr/5.4.0/avr5\libgcc.a(_exit.o)
                              D:/Program Files/Atmel/Studio/7.0/Packs/atmel/ATmega_DFP/1.7.374/gcc/dev/atmega328p/avr5/crtatmega328p.o (exit)
d:/program files/atmel/studio/7.0/toolchain/avr8/avr8-gnu-toolchain/bin/../lib/gcc/avr/5.4.0/avr5\libgcc.a(_tablejump2.o)
                              main.o (__tablejump2__)
d:/program files/atmel/studio/7.0/toolchain/avr8/avr8-gnu-toolchain/bin/../lib/gcc/avr/5.4.0/avr5\libgcc.a(_copy_data.o)
                              I2CLIB/I2CLIB.o (__do_copy_data)
d:/program files/atmel/studio/7.0/toolchain/avr8/avr8-gnu-toolchain/bin/../lib/gcc/avr/5.4.0/avr5\libgcc.a(_clear_bss.o)
                              ESPUART/ESPUART.o (__do_clear_bss)
d:/program files/atmel/studio/7.0/toolchain/avr8/avr8-gnu-toolchain/bin/../lib/gcc/avr/5.4.0/avr5\libgcc.a(_umulhisi3.o)
                              LCD/lcd.o (__umulhisi3)
d:/program files/atmel/studio/7.0/toolchain/avr8/avr8-gnu-toolchain/bin/../lib/gcc/avr/5.4.0/avr5\libgcc.a(_muluhisi3.o)
                              VL53L0X/VL53L0X.o (__muluhisi3)
d:/program files/atmel/studio/7.0/toolchain/avr8/avr8-gnu-toolchain/bin/../lib/gcc/avr/5.4.0/../../../../avr/lib/avr5\libc.a(strchr.o)
                              main.o (strchr)
d:/program files/atmel/studio/7.0/toolchain/avr8/avr8-gnu-toolchain/bin/../lib/gcc/avr/5.4.0/../../../../avr/lib/avr5\libc.a(strcmp.o)
                              main.o (strcmp)
d:/program files/atmel/studio/7.0/toolchain/avr8/avr8-gnu-toolchain/bin/../lib/gcc/avr/5.4.0/../../../../avr/lib/avr5\libc.a(strncmp.o)
                              main.o (strncmp)

Discarded input sections

 .data          0x00000000        0x0 D:/Program Files/Atmel/Studio/7.0/Packs/atmel/ATmega_DFP/1.7.374/gcc/dev/atmega328p/avr5/crtatmega328p.o
 .bss           0x00000000        0x0 D:/Program Files/Atmel/Studio/7.0/Packs/atmel/ATmega_DFP/1.7.374/gcc/dev/atmega328p/avr5/crtatmega328p.o
 .text          0x00000000        0x0 ESPUART/ESPUART.o
 .data          0x00000000        0x0 ESPUART/ESPUART.o
 .bss           0x00000000        0x0 ESPUART/ESPUART.o
 .text          0x00000000        0x0 I2CLIB/I2CLIB.o
 .data          0x00000000        0x0 I2CLIB/I2CLIB.o
 .bss           0x00000000        0x0 I2CLIB/I2CLIB.o
 .text          0x00000000        0x0 LCD/lcd.o
 .data          0x00000000        0x0 LCD/lcd.o
 .bss           0x00000000        0x0 LCD/lcd.o
 .text.LCD_Write_String
                0x00000000       0x1a LCD/lcd.o
 .text.LCD_WriteUint16
                0x00000000       0xe8 LCD/lcd.o
 .text.LCD_WriteInt16
                0x00000000       0x24 LCD/lcd.o
 .text          0x00000000        0x0 main.o
 .data          0x00000000        0x0 main.o
 .bss           0x00000000        0x0 main.o
 .text          0x00000000        0x0 PROTOCOL/Protocol.o
 .data          0x00000000        0x0 PROTOCOL/Protocol.o
 .bss           0x00000000        0x0 PROTOCOL/Protocol.o
 .text.Protocol_CreateResponse
                0x00000000       0x7c PROTOCOL/Protocol.o
 .text.Protocol_EncodeResponse
                0x00000000       0x56 PROTOCOL/Protocol.o
 .text.Protocol_DecodeRequest
                0x00000000       0x52 PROTOCOL/Protocol.o
 .text          0x00000000        0x0 TIMEBASE/Timebase.o
 .data          0x00000000        0x0 TIMEBASE/Timebase.o
 .bss           0x00000000        0x0 TIMEBASE/Timebase.o
 .text          0x00000000        0x0 UART/ascii_binario.o
 .data          0x00000000        0x0 UART/ascii_binario.o
 .bss           0x00000000        0x0 UART/ascii_binario.o
 .text.ASCII_a_Binario
                0x00000000        0x2 UART/ascii_binario.o
 .text.ASCII_En_LEDs_D2_D9
                0x00000000       0x3e UART/ascii_binario.o
 .debug_info    0x00000000      0x16a UART/ascii_binario.o
 .debug_abbrev  0x00000000      0x119 UART/ascii_binario.o
 .debug_loc     0x00000000       0x7c UART/ascii_binario.o
 .debug_aranges
                0x00000000       0x28 UART/ascii_binario.o
 .debug_ranges  0x00000000       0x18 UART/ascii_binario.o
 .debug_line    0x00000000      0x141 UART/ascii_binario.o
 .debug_str     0x00000000      0x220 UART/ascii_binario.o
 .comment       0x00000000       0x31 UART/ascii_binario.o
 .debug_frame   0x00000000       0x34 UART/ascii_binario.o
 .text          0x00000000        0x0 UART/usart.o
 .data          0x00000000        0x0 UART/usart.o
 .bss           0x00000000        0x0 UART/usart.o
 .text.USART_Init
                0x00000000       0x1c UART/usart.o
 .text.USART_Transmit
                0x00000000        0xe UART/usart.o
 .text.USART_Receive
                0x00000000        0xe UART/usart.o
 .text.USART_Available
                0x00000000        0xc UART/usart.o
 .text.USART_SendString
                0x00000000       0x1a UART/usart.o
 .text.USART_SendUint16
                0x00000000       0xe8 UART/usart.o
 .text.USART_SendInt16
                0x00000000       0x24 UART/usart.o
 .debug_info    0x00000000      0x22d UART/usart.o
 .debug_abbrev  0x00000000      0x153 UART/usart.o
 .debug_loc     0x00000000      0x1eb UART/usart.o
 .debug_aranges
                0x00000000       0x50 UART/usart.o
 .debug_ranges  0x00000000       0x40 UART/usart.o
 .debug_line    0x00000000      0x1f0 UART/usart.o
 .debug_str     0x00000000      0x242 UART/usart.o
 .comment       0x00000000       0x31 UART/usart.o
 .debug_frame   0x00000000       0xb4 UART/usart.o
 .text          0x00000000        0x0 VL53L0X/VL53L0X.o
 .data          0x00000000        0x0 VL53L0X/VL53L0X.o
 .bss           0x00000000        0x0 VL53L0X/VL53L0X.o
 .text.VL53L0X_AttachGPIO1
                0x00000000       0x72 VL53L0X/VL53L0X.o
 .text.VL53L0X_ReadDistance
                0x00000000       0xd4 VL53L0X/VL53L0X.o
 .text.VL53L0X_SetAddress
                0x00000000       0x36 VL53L0X/VL53L0X.o
 .text.VL53L0X_SetTimeout
                0x00000000        0xc VL53L0X/VL53L0X.o
 .text          0x00000000        0x0 d:/program files/atmel/studio/7.0/toolchain/avr8/avr8-gnu-toolchain/bin/../lib/gcc/avr/5.4.0/avr5\libgcc.a(_udivmodsi4.o)
 .data          0x00000000        0x0 d:/program files/atmel/studio/7.0/toolchain/avr8/avr8-gnu-toolchain/bin/../lib/gcc/avr/5.4.0/avr5\libgcc.a(_udivmodsi4.o)
 .bss           0x00000000        0x0 d:/program files/atmel/studio/7.0/toolchain/avr8/avr8-gnu-toolchain/bin/../lib/gcc/avr/5.4.0/avr5\libgcc.a(_udivmodsi4.o)
 .text.libgcc.mul
                0x00000000        0x0 d:/program files/atmel/studio/7.0/toolchain/avr8/avr8-gnu-toolchain/bin/../lib/gcc/avr/5.4.0/avr5\libgcc.a(_udivmodsi4.o)
 .text.libgcc   0x00000000        0x0 d:/program files/atmel/studio/7.0/toolchain/avr8/avr8-gnu-toolchain/bin/../lib/gcc/avr/5.4.0/avr5\libgcc.a(_udivmodsi4.o)
 .text.libgcc.prologue
                0x00000000        0x0 d:/program files/atmel/studio/7.0/toolchain/avr8/avr8-gnu-toolchain/bin/../lib/gcc/avr/5.4.0/avr5\libgcc.a(_udivmodsi4.o)
 .text.libgcc.builtins
                0x00000000        0x0 d:/program files/atmel/studio/7.0/toolchain/avr8/avr8-gnu-toolchain/bin/../lib/gcc/avr/5.4.0/avr5\libgcc.a(_udivmodsi4.o)
 .text.libgcc.fmul
                0x00000000        0x0 d:/program files/atmel/studio/7.0/toolchain/avr8/avr8-gnu-toolchain/bin/../lib/gcc/avr/5.4.0/avr5\libgcc.a(_udivmodsi4.o)
 .text.libgcc.fixed
                0x00000000        0x0 d:/program files/atmel/studio/7.0/toolchain/avr8/avr8-gnu-toolchain/bin/../lib/gcc/avr/5.4.0/avr5\libgcc.a(_udivmodsi4.o)
 .text          0x00000000        0x0 d:/program files/atmel/studio/7.0/toolchain/avr8/avr8-gnu-toolchain/bin/../lib/gcc/avr/5.4.0/avr5\libgcc.a(_exit.o)
 .data          0x00000000        0x0 d:/program files/atmel/studio/7.0/toolchain/avr8/avr8-gnu-toolchain/bin/../lib/gcc/avr/5.4.0/avr5\libgcc.a(_exit.o)
 .bss           0x00000000        0x0 d:/program files/atmel/studio/7.0/toolchain/avr8/avr8-gnu-toolchain/bin/../lib/gcc/avr/5.4.0/avr5\libgcc.a(_exit.o)
 .text.libgcc.mul
                0x00000000        0x0 d:/program files/atmel/studio/7.0/toolchain/avr8/avr8-gnu-toolchain/bin/../lib/gcc/avr/5.4.0/avr5\libgcc.a(_exit.o)
 .text.libgcc.div
                0x00000000        0x0 d:/program files/atmel/studio/7.0/toolchain/avr8/avr8-gnu-toolchain/bin/../lib/gcc/avr/5.4.0/avr5\libgcc.a(_exit.o)
 .text.libgcc   0x00000000        0x0 d:/program files/atmel/studio/7.0/toolchain/avr8/avr8-gnu-toolchain/bin/../lib/gcc/avr/5.4.0/avr5\libgcc.a(_exit.o)
 .text.libgcc.prologue
                0x00000000        0x0 d:/program files/atmel/studio/7.0/toolchain/avr8/avr8-gnu-toolchain/bin/../lib/gcc/avr/5.4.0/avr5\libgcc.a(_exit.o)
 .text.libgcc.builtins
                0x00000000        0x0 d:/program files/atmel/studio/7.0/toolchain/avr8/avr8-gnu-toolchain/bin/../lib/gcc/avr/5.4.0/avr5\libgcc.a(_exit.o)
 .text.libgcc.fmul
                0x00000000        0x0 d:/program files/atmel/studio/7.0/toolchain/avr8/avr8-gnu-toolchain/bin/../lib/gcc/avr/5.4.0/avr5\libgcc.a(_exit.o)
 .text.libgcc.fixed
                0x00000000        0x0 d:/program files/atmel/studio/7.0/toolchain/avr8/avr8-gnu-toolchain/bin/../lib/gcc/avr/5.4.0/avr5\libgcc.a(_exit.o)
 .text          0x00000000        0x0 d:/program files/atmel/studio/7.0/toolchain/avr8/avr8-gnu-toolchain/bin/../lib/gcc/avr/5.4.0/avr5\libgcc.a(_tablejump2.o)
 .data          0x00000000        0x0 d:/program files/atmel/studio/7.0/toolchain/avr8/avr8-gnu-toolchain/bin/../lib/gcc/avr/5.4.0/avr5\libgcc.a(_tablejump2.o)
 .bss           0x00000000        0x0 d:/program files/atmel/studio/7.0/toolchain/avr8/avr8-gnu-toolchain/bin/../lib/gcc/avr/5.4.0/avr5\libgcc.a(_tablejump2.o)
 .text.libgcc.mul
                0x00000000        0x0 d:/program files/atmel/studio/7.0/toolchain/avr8/avr8-gnu-toolchain/bin/../lib/gcc/avr/5.4.0/avr5\libgcc.a(_tablejump2.o)
 .text.libgcc.div
                0x00000000        0x0 d:/program files/atmel/studio/7.0/toolchain/avr8/avr8-gnu-toolchain/bin/../lib/gcc/avr/5.4.0/avr5\libgcc.a(_tablejump2.o)
 .text.libgcc.prologue
                0x00000000        0x0 d:/program files/atmel/studio/7.0/toolchain/avr8/avr8-gnu-toolchain/bin/../lib/gcc/avr/5.4.0/avr5\libgcc.a(_tablejump2.o)
 .text.libgcc.builtins
                0x00000000        0x0 d:/program files/atmel/studio/7.0/toolchain/avr8/avr8-gnu-toolchain/bin/../lib/gcc/avr/5.4.0/avr5\libgcc.a(_tablejump2.o)
 .text.libgcc.fmul
                0x00000000        0x0 d:/program files/atmel/studio/7.0/toolchain/avr8/avr8-gnu-toolchain/bin/../lib/gcc/avr/5.4.0/avr5\libgcc.a(_tablejump2.o)
 .text.libgcc.fixed
                0x00000000        0x0 d:/program files/atmel/studio/7.0/toolchain/avr8/avr8-gnu-toolchain/bin/../lib/gcc/avr/5.4.0/avr5\libgcc.a(_tablejump2.o)
 .text          0x00000000        0x0 d:/program files/atmel/studio/7.0/toolchain/avr8/avr8-gnu-toolchain/bin/../lib/gcc/avr/5.4.0/avr5\libgcc.a(_copy_data.o)
 .data          0x00000000        0x0 d:/program files/atmel/studio/7.0/toolchain/avr8/avr8-gnu-toolchain/bin/../lib/gcc/avr/5.4.0/avr5\libgcc.a(_copy_data.o)
 .bss           0x00000000        0x0 d:/program files/atmel/studio/7.0/toolchain/avr8/avr8-gnu-toolchain/bin/../lib/gcc/avr/5.4.0/avr5\libgcc.a(_copy_data.o)
 .text.libgcc.mul
                0x00000000        0x0 d:/program files/atmel/studio/7.0/toolchain/avr8/avr8-gnu-toolchain/bin/../lib/gcc/avr/5.4.0/avr5\libgcc.a(_copy_data.o)
 .text.libgcc.div
                0x00000000        0x0 d:/program files/atmel/studio/7.0/toolchain/avr8/avr8-gnu-toolchain/bin/../lib/gcc/avr/5.4.0/avr5\libgcc.a(_copy_data.o)
 .text.libgcc   0x00000000        0x0 d:/program files/atmel/studio/7.0/toolchain/avr8/avr8-gnu-toolchain/bin/../lib/gcc/avr/5.4.0/avr5\libgcc.a(_copy_data.o)
 .text.libgcc.prologue
                0x00000000        0x0 d:/program files/atmel/studio/7.0/toolchain/avr8/avr8-gnu-toolchain/bin/../lib/gcc/avr/5.4.0/avr5\libgcc.a(_copy_data.o)
 .text.libgcc.builtins
                0x00000000        0x0 d:/program files/atmel/studio/7.0/toolchain/avr8/avr8-gnu-toolchain/bin/../lib/gcc/avr/5.4.0/avr5\libgcc.a(_copy_data.o)
 .text.libgcc.fmul
                0x00000000        0x0 d:/program files/atmel/studio/7.0/toolchain/avr8/avr8-gnu-toolchain/bin/../lib/gcc/avr/5.4.0/avr5\libgcc.a(_copy_data.o)
 .text.libgcc.fixed
                0x00000000        0x0 d:/program files/atmel/studio/7.0/toolchain/avr8/avr8-gnu-toolchain/bin/../lib/gcc/avr/5.4.0/avr5\libgcc.a(_copy_data.o)
 .text          0x00000000        0x0 d:/program files/atmel/studio/7.0/toolchain/avr8/avr8-gnu-toolchain/bin/../lib/gcc/avr/5.4.0/avr5\libgcc.a(_clear_bss.o)
 .data          0x00000000        0x0 d:/program files/atmel/studio/7.0/toolchain/avr8/avr8-gnu-toolchain/bin/../lib/gcc/avr/5.4.0/avr5\libgcc.a(_clear_bss.o)
 .bss           0x00000000        0x0 d:/program files/atmel/studio/7.0/toolchain/avr8/avr8-gnu-toolchain/bin/../lib/gcc/avr/5.4.0/avr5\libgcc.a(_clear_bss.o)
 .text.libgcc.mul
                0x00000000        0x0 d:/program files/atmel/studio/7.0/toolchain/avr8/avr8-gnu-toolchain/bin/../lib/gcc/avr/5.4.0/avr5\libgcc.a(_clear_bss.o)
 .text.libgcc.div
                0x00000000        0x0 d:/program files/atmel/studio/7.0/toolchain/avr8/avr8-gnu-toolchain/bin/../lib/gcc/avr/5.4.0/avr5\libgcc.a(_clear_bss.o)
 .text.libgcc   0x00000000        0x0 d:/program files/atmel/studio/7.0/toolchain/avr8/avr8-gnu-toolchain/bin/../lib/gcc/avr/5.4.0/avr5\libgcc.a(_clear_bss.o)
 .text.libgcc.prologue
                0x00000000        0x0 d:/program files/atmel/studio/7.0/toolchain/avr8/avr8-gnu-toolchain/bin/../lib/gcc/avr/5.4.0/avr5\libgcc.a(_clear_bss.o)
 .text.libgcc.builtins
                0x00000000        0x0 d:/program files/atmel/studio/7.0/toolchain/avr8/avr8-gnu-toolchain/bin/../lib/gcc/avr/5.4.0/avr5\libgcc.a(_clear_bss.o)
 .text.libgcc.fmul
                0x00000000        0x0 d:/program files/atmel/studio/7.0/toolchain/avr8/avr8-gnu-toolchain/bin/../lib/gcc/avr/5.4.0/avr5\libgcc.a(_clear_bss.o)
 .text.libgcc.fixed
                0x00000000        0x0 d:/program files/atmel/studio/7.0/toolchain/avr8/avr8-gnu-toolchain/bin/../lib/gcc/avr/5.4.0/avr5\libgcc.a(_clear_bss.o)
 .text          0x00000000        0x0 d:/program files/atmel/studio/7.0/toolchain/avr8/avr8-gnu-toolchain/bin/../lib/gcc/avr/5.4.0/avr5\libgcc.a(_umulhisi3.o)
 .data          0x00000000        0x0 d:/program files/atmel/studio/7.0/toolchain/avr8/avr8-gnu-toolchain/bin/../lib/gcc/avr/5.4.0/avr5\libgcc.a(_umulhisi3.o)
 .bss           0x00000000        0x0 d:/program files/atmel/studio/7.0/toolchain/avr8/avr8-gnu-toolchain/bin/../lib/gcc/avr/5.4.0/avr5\libgcc.a(_umulhisi3.o)
 .text.libgcc.div
                0x00000000        0x0 d:/program files/atmel/studio/7.0/toolchain/avr8/avr8-gnu-toolchain/bin/../lib/gcc/avr/5.4.0/avr5\libgcc.a(_umulhisi3.o)
 .text.libgcc   0x00000000        0x0 d:/program files/atmel/studio/7.0/toolchain/avr8/avr8-gnu-toolchain/bin/../lib/gcc/avr/5.4.0/avr5\libgcc.a(_umulhisi3.o)
 .text.libgcc.prologue
                0x00000000        0x0 d:/program files/atmel/studio/7.0/toolchain/avr8/avr8-gnu-toolchain/bin/../lib/gcc/avr/5.4.0/avr5\libgcc.a(_umulhisi3.o)
 .text.libgcc.builtins
                0x00000000        0x0 d:/program files/atmel/studio/7.0/toolchain/avr8/avr8-gnu-toolchain/bin/../lib/gcc/avr/5.4.0/avr5\libgcc.a(_umulhisi3.o)
 .text.libgcc.fmul
                0x00000000        0x0 d:/program files/atmel/studio/7.0/toolchain/avr8/avr8-gnu-toolchain/bin/../lib/gcc/avr/5.4.0/avr5\libgcc.a(_umulhisi3.o)
 .text.libgcc.fixed
                0x00000000        0x0 d:/program files/atmel/studio/7.0/toolchain/avr8/avr8-gnu-toolchain/bin/../lib/gcc/avr/5.4.0/avr5\libgcc.a(_umulhisi3.o)
 .text          0x00000000        0x0 d:/program files/atmel/studio/7.0/toolchain/avr8/avr8-gnu-toolchain/bin/../lib/gcc/avr/5.4.0/avr5\libgcc.a(_muluhisi3.o)
 .data          0x00000000        0x0 d:/program files/atmel/studio/7.0/toolchain/avr8/avr8-gnu-toolchain/bin/../lib/gcc/avr/5.4.0/avr5\libgcc.a(_muluhisi3.o)
 .bss           0x00000000        0x0 d:/program files/atmel/studio/7.0/toolchain/avr8/avr8-gnu-toolchain/bin/../lib/gcc/avr/5.4.0/avr5\libgcc.a(_muluhisi3.o)
 .text.libgcc.div
                0x00000000        0x0 d:/program files/atmel/studio/7.0/toolchain/avr8/avr8-gnu-toolchain/bin/../lib/gcc/avr/5.4.0/avr5\libgcc.a(_muluhisi3.o)
 .text.libgcc   0x00000000        0x0 d:/program files/atmel/studio/7.0/toolchain/avr8/avr8-gnu-toolchain/bin/../lib/gcc/avr/5.4.0/avr5\libgcc.a(_muluhisi3.o)
 .text.libgcc.prologue
                0x00000000        0x0 d:/program files/atmel/studio/7.0/toolchain/avr8/avr8-gnu-toolchain/bin/../lib/gcc/avr/5.4.0/avr5\libgcc.a(_muluhisi3.o)
 .text.libgcc.builtins
                0x00000000        0x0 d:/program files/atmel/studio/7.0/toolchain/avr8/avr8-gnu-toolchain/bin/../lib/gcc/avr/5.4.0/avr5\libgcc.a(_muluhisi3.o)
 .text.libgcc.fmul
                0x00000000        0x0 d:/program files/atmel/studio/7.0/toolchain/avr8/avr8-gnu-toolchain/bin/../lib/gcc/avr/5.4.0/avr5\libgcc.a(_muluhisi3.o)
 .text.libgcc.fixed
                0x00000000        0x0 d:/program files/atmel/studio/7.0/toolchain/avr8/avr8-gnu-toolchain/bin/../lib/gcc/avr/5.4.0/avr5\libgcc.a(_muluhisi3.o)
 .text          0x00000000        0x0 d:/program files/atmel/studio/7.0/toolchain/avr8/avr8-gnu-toolchain/bin/../lib/gcc/avr/5.4.0/../../../../avr/lib/avr5\libc.a(strchr.o)
 .data          0x00000000        0x0 d:/program files/atmel/studio/7.0/toolchain/avr8/avr8-gnu-toolchain/bin/../lib/gcc/avr/5.4.0/../../../../avr/lib/avr5\libc.a(strchr.o)
 .bss           0x00000000        0x0 d:/program files/atmel/studio/7.0/toolchain/avr8/avr8-gnu-toolchain/bin/../lib/gcc/avr/5.4.0/../../../../avr/lib/avr5\libc.a(strchr.o)
 .text          0x00000000        0x0 d:/program files/atmel/studio/7.0/toolchain/avr8/avr8-gnu-toolchain/bin/../lib/gcc/avr/5.4.0/../../../../avr/lib/avr5\libc.a(strcmp.o)
 .data          0x00000000        0x0 d:/program files/atmel/studio/7.0/toolchain/avr8/avr8-gnu-toolchain/bin/../lib/gcc/avr/5.4.0/../../../../avr/lib/avr5\libc.a(strcmp.o)
 .bss           0x00000000        0x0 d:/program files/atmel/studio/7.0/toolchain/avr8/avr8-gnu-toolchain/bin/../lib/gcc/avr/5.4.0/../../../../avr/lib/avr5\libc.a(strcmp.o)
 .text          0x00000000        0x0 d:/program files/atmel/studio/7.0/toolchain/avr8/avr8-gnu-toolchain/bin/../lib/gcc/avr/5.4.0/../../../../avr/lib/avr5\libc.a(strncmp.o)
 .data          0x00000000        0x0 d:/program files/atmel/studio/7.0/toolchain/avr8/avr8-gnu-toolchain/bin/../lib/gcc/avr/5.4.0/../../../../avr/lib/avr5\libc.a(strncmp.o)
 .bss           0x00000000        0x0 d:/program files/atmel/studio/7.0/toolchain/avr8/avr8-gnu-toolchain/bin/../lib/gcc/avr/5.4.0/../../../../avr/lib/avr5\libc.a(strncmp.o)

Memory Configuration

Name             Origin             Length             Attributes
text             0x00000000         0x00008000         xr
data             0x00800100         0x00000800         rw !x
eeprom           0x00810000         0x00000400         rw !x
fuse             0x00820000         0x00000003         rw !x
lock             0x00830000         0x00000400         rw !x
signature        0x00840000         0x00000400         rw !x
user_signatures  0x00850000         0x00000400         rw !x
*default*        0x00000000         0xffffffff

Linker script and memory map

Address of section .data set to 0x800100
LOAD D:/Program Files/Atmel/Studio/7.0/Packs/atmel/ATmega_DFP/1.7.374/gcc/dev/atmega328p/avr5/crtatmega328p.o
LOAD ESPUART/ESPUART.o
LOAD I2CLIB/I2CLIB.o
LOAD LCD/lcd.o
LOAD main.o
LOAD PROTOCOL/Protocol.o
LOAD TIMEBASE/Timebase.o
LOAD UART/ascii_binario.o
LOAD UART/usart.o
LOAD VL53L0X/VL53L0X.o
START GROUP
LOAD d:/program files/atmel/studio/7.0/toolchain/avr8/avr8-gnu-toolchain/bin/../lib/gcc/avr/5.4.0/../../../../avr/lib/avr5\libm.a
END GROUP
START GROUP
LOAD d:/program files/atmel/studio/7.0/toolchain/avr8/avr8-gnu-toolchain/bin/../lib/gcc/avr/5.4.0/avr5\libgcc.a
LOAD d:/program files/atmel/studio/7.0/toolchain/avr8/avr8-gnu-toolchain/bin/../lib/gcc/avr/5.4.0/../../../../avr/lib/avr5\libm.a
LOAD d:/program files/atmel/studio/7.0/toolchain/avr8/avr8-gnu-toolchain/bin/../lib/gcc/avr/5.4.0/../../../../avr/lib/avr5\libc.a
LOAD D:/Program Files/Atmel/Studio/7.0/Packs/atmel/ATmega_DFP/1.7.374/gcc/dev/atmega328p/avr5\libatmega328p.a
END GROUP
                0x00000000                __TEXT_REGION_ORIGIN__ = DEFINED (__TEXT_REGION_ORIGIN__)?__TEXT_REGION_ORIGIN__:0x0
                [0x00800100]                __DATA_REGION_ORIGIN__ = DEFINED (__DATA_REGION_ORIGIN__)?__DATA_REGION_ORIGIN__:0x800060
                [0x00008000]                __TEXT_REGION_LENGTH__ = DEFINED (__TEXT_REGION_LENGTH__)?__TEXT_REGION_LENGTH__:0x20000
                [0x00000800]                __DATA_REGION_LENGTH__ = DEFINED (__DATA_REGION_LENGTH__)?__DATA_REGION_LENGTH__:0xffa0
                [0x00000400]                __EEPROM_REGION_LENGTH__ = DEFINED (__EEPROM_REGION_LENGTH__)?__EEPROM_REGION_LENGTH__:0x10000
                [0x00000003]                __FUSE_REGION_LENGTH__ = DEFINED (__FUSE_REGION_LENGTH__)?__FUSE_REGION_LENGTH__:0x400
                0x00000400                __LOCK_REGION_LENGTH__ = DEFINED (__LOCK_REGION_LENGTH__)?__LOCK_REGION_LENGTH__:0x400
                0x00000400                __SIGNATURE_REGION_LENGTH__ = DEFINED (__SIGNATURE_REGION_LENGTH__)?__SIGNATURE_REGION_LENGTH__:0x400
                0x00000400                __USER_SIGNATURE_REGION_LENGTH__ = DEFINED (__USER_SIGNATURE_REGION_LENGTH__)?__USER_SIGNATURE_REGION_LENGTH__:0x400

.hash
 *(.hash)

.dynsym
 *(.dynsym)

.dynstr
 *(.dynstr)

.gnu.version
 *(.gnu.version)

.gnu.version_d
 *(.gnu.version_d)

.gnu.version_r
 *(.gnu.version_r)

.rel.init
 *(.rel.init)

.rela.init
 *(.rela.init)

.rel.text
 *(.rel.text)
 *(.rel.text.*)
 *(.rel.gnu.linkonce.t*)

.rela.text
 *(.rela.text)
 *(.rela.text.*)
 *(.rela.gnu.linkonce.t*)

.rel.fini
 *(.rel.fini)

.rela.fini
 *(.rela.fini)

.rel.rodata
 *(.rel.rodata)
 *(.rel.rodata.*)
 *(.rel.gnu.linkonce.r*)

.rela.rodata
 *(.rela.rodata)
 *(.rela.rodata.*)
 *(.rela.gnu.linkonce.r*)

.rel.data
 *(.rel.data)
 *(.rel.data.*)
 *(.rel.gnu.linkonce.d*)

.rela.data
 *(.rela.data)
 *(.rela.data.*)
 *(.rela.gnu.linkonce.d*)

.rel.ctors
 *(.rel.ctors)

.rela.ctors
 *(.rela.ctors)

.rel.dtors
 *(.rel.dtors)

.rela.dtors
 *(.rela.dtors)

.rel.got
 *(.rel.got)

.rela.got
 *(.rela.got)

.rel.bss
 *(.rel.bss)

.rela.bss
 *(.rela.bss)

.rel.plt
 *(.rel.plt)

.rela.plt
 *(.rela.plt)

.text           0x00000000     0x4e46
 *(.vectors)
 .vectors       0x00000000       0x68 D:/Program Files/Atmel/Studio/7.0/Packs/atmel/ATmega_DFP/1.7.374/gcc/dev/atmega328p/avr5/crtatmega328p.o
                0x00000000                __vector_default
                0x00000000                __vectors
 *(.vectors)
 *(.progmem.gcc*)
 .progmem.gcc_sw_table.CarWash_PrintStateName
                0x00000068       0x1a main.o
 .progmem.gcc_sw_table.CarWash_Service
                0x00000082       0x1a main.o
                0x0000009c                . = ALIGN (0x2)
                0x0000009c                __trampolines_start = .
 *(.trampolines)
 .trampolines   0x0000009c        0x0 linker stubs
 *(.trampolines*)
                0x0000009c                __trampolines_end = .
 *libprintf_flt.a:*(.progmem.data)
 *libc.a:*(.progmem.data)
 *(.progmem*)
 .progmem.data.__c.2629
                0x0000009c       0x15 main.o
 .progmem.data.__c.2627
                0x000000b1       0x21 main.o
 .progmem.data.__c.2625
                0x000000d2       0x20 main.o
 .progmem.data.__c.2623
                0x000000f2        0x3 main.o
 .progmem.data.__c.2621
                0x000000f5        0xe main.o
 .progmem.data.__c.2609
                0x00000103        0x3 main.o
 .progmem.data.__c.2607
                0x00000106        0x7 main.o
 .progmem.data.__c.2605
                0x0000010d        0x7 main.o
 .progmem.data.__c.2603
                0x00000114        0x5 main.o
 .progmem.data.__c.2601
                0x00000119        0x3 main.o
 .progmem.data.__c.2599
                0x0000011c        0x7 main.o
 .progmem.data.__c.2597
                0x00000123        0x7 main.o
 .progmem.data.__c.2595
                0x0000012a        0x5 main.o
 .progmem.data.__c.2593
                0x0000012f        0x7 main.o
 .progmem.data.__c.2591
                0x00000136       0x10 main.o
 .progmem.data.__c.2589
                0x00000146        0xc main.o
 .progmem.data.__c.2587
                0x00000152        0xd main.o
 .progmem.data.__c.2585
                0x0000015f        0xb main.o
 .progmem.data.__c.2583
                0x0000016a        0x9 main.o
 .progmem.data.__c.2616
                0x00000173       0x22 main.o
 .progmem.data.__c.2614
                0x00000195       0x19 main.o
 .progmem.data.__c.2533
                0x000001ae        0xc main.o
 .progmem.data.__c.2530
                0x000001ba       0x1a main.o
 .progmem.data.__c.2527
                0x000001d4       0x1b main.o
 .progmem.data.__c.2524
                0x000001ef       0x11 main.o
 .progmem.data.__c.2521
                0x00000200        0xe main.o
 .progmem.data.__c.2518
                0x0000020e       0x10 main.o
 .progmem.data.__c.2515
                0x0000021e        0x7 main.o
 .progmem.data.__c.2512
                0x00000225       0x10 main.o
 .progmem.data.__c.2509
                0x00000235        0xb main.o
 .progmem.data.__c.2506
                0x00000240       0x13 main.o
 .progmem.data.__c.2503
                0x00000253       0x14 main.o
 .progmem.data.__c.2500
                0x00000267        0x8 main.o
 .progmem.data.__c.2497
                0x0000026f        0x7 main.o
 .progmem.data.__c.2493
                0x00000276        0xd main.o
 .progmem.data.__c.2574
                0x00000283       0x10 main.o
 .progmem.data.__c.2572
                0x00000293        0xc main.o
 .progmem.data.__c.2570
                0x0000029f        0x4 main.o
 .progmem.data.__c.2568
                0x000002a3       0x11 main.o
 .progmem.data.__c.2566
                0x000002b4        0xa main.o
 .progmem.data.__c.2564
                0x000002be        0x3 main.o
 .progmem.data.__c.2562
                0x000002c1        0x9 main.o
 .progmem.data.__c.2560
                0x000002ca        0x7 main.o
 .progmem.data.__c.2558
                0x000002d1        0x6 main.o
 .progmem.data.__c.2556
                0x000002d7        0xc main.o
 .progmem.data.__c.2554
                0x000002e3       0x15 main.o
 .progmem.data.__c.2552
                0x000002f8        0x4 main.o
 .progmem.data.__c.2550
                0x000002fc        0x6 main.o
 .progmem.data.__c.2548
                0x00000302        0xa main.o
 .progmem.data.__c.2546
                0x0000030c        0xc main.o
 .progmem.data.__c.2544
                0x00000318       0x15 main.o
 .progmem.data.__c.2542
                0x0000032d       0x15 main.o
 .progmem.data.__c.2540
                0x00000342       0x10 main.o
 .progmem.data.__c.2538
                0x00000352        0x9 main.o
 .progmem.data.__c.2993
                0x0000035b       0x31 main.o
 .progmem.data.__c.2799
                0x0000038c        0xa main.o
 .progmem.data.__c.2801
                0x00000396        0xd main.o
 .progmem.data.__c.2797
                0x000003a3        0x3 main.o
 .progmem.data.__c.2795
                0x000003a6        0x8 main.o
 .progmem.data.__c.2963
                0x000003ae       0x24 main.o
 .progmem.data.__c.2956
                0x000003d2       0x2b main.o
 .progmem.data.__c.2954
                0x000003fd       0x1d main.o
 .progmem.data.__c.2947
                0x0000041a       0x1a main.o
 .progmem.data.__c.2763
                0x00000434        0x3 main.o
 .progmem.data.__c.2761
                0x00000437        0xc main.o
 .progmem.data.__c.2882
                0x00000443       0x1b main.o
 .progmem.data.__c.2880
                0x0000045e       0x14 main.o
 .progmem.data.__c.2878
                0x00000472       0x1d main.o
 .progmem.data.__c.2876
                0x0000048f       0x16 main.o
 .progmem.data.__c.2856
                0x000004a5       0x10 main.o
 .progmem.data.__c.2854
                0x000004b5       0x14 main.o
 .progmem.data.__c.2852
                0x000004c9        0xe main.o
 .progmem.data.__c.2923
                0x000004d7        0xe main.o
 .progmem.data.__c.2921
                0x000004e5       0x1d main.o
 .progmem.data.__c.2919
                0x00000502       0x1b main.o
 .progmem.data.__c.2895
                0x0000051d       0x12 main.o
 .progmem.data.__c.2891
                0x0000052f        0xc main.o
 .progmem.data.__c.2893
                0x0000053b        0xa main.o
 .progmem.data.__c.2889
                0x00000545       0x1a main.o
 .progmem.data.__c.2887
                0x0000055f       0x16 main.o
 .progmem.data.__c.2869
                0x00000575        0x7 main.o
 .progmem.data.__c.2865
                0x0000057c        0x8 main.o
 .progmem.data.__c.2867
                0x00000584        0x8 main.o
 .progmem.data.__c.2863
                0x0000058c       0x19 main.o
 .progmem.data.__c.2861
                0x000005a5       0x15 main.o
 .progmem.data.__c.2847
                0x000005ba        0xb main.o
 .progmem.data.__c.2843
                0x000005c5        0xc main.o
 .progmem.data.__c.2845
                0x000005d1        0x8 main.o
 .progmem.data.__c.2841
                0x000005d9       0x1d main.o
 .progmem.data.__c.2936
                0x000005f6        0x6 main.o
 .progmem.data.__c.2934
                0x000005fc        0x6 main.o
 .progmem.data.__c.2932
                0x00000602        0xa main.o
 .progmem.data.__c.2930
                0x0000060c       0x16 main.o
 .progmem.data.__c.2833
                0x00000622       0x14 main.o
 .progmem.data.__c.2831
                0x00000636       0x19 main.o
 .progmem.data.__c.2829
                0x0000064f       0x1d main.o
 .progmem.data.__c.2823
                0x0000066c        0x8 main.o
 .progmem.data.__c.2819
                0x00000674        0xb main.o
 .progmem.data.__c.2821
                0x0000067f        0x8 main.o
 .progmem.data.__c.2817
                0x00000687       0x1b main.o
 .progmem.data.__c.2910
                0x000006a2       0x14 main.o
 .progmem.data.__c.2812
                0x000006b6        0x7 main.o
 .progmem.data.__c.2808
                0x000006bd        0xe main.o
 .progmem.data.__c.2810
                0x000006cb        0x8 main.o
 .progmem.data.__c.2806
                0x000006d3       0x1e main.o
 .progmem.data.__c.2276
                0x000006f1        0x2 main.o
 .progmem.data.__c.2274
                0x000006f3        0x7 main.o
 .progmem.data.__c.2272
                0x000006fa        0xc main.o
 .progmem.data.__c.2367
                0x00000706        0x3 main.o
 .progmem.data.__c.2365
                0x00000709        0x4 main.o
 .progmem.data.__c.2363
                0x0000070d        0x7 main.o
 .progmem.data.__c.2361
                0x00000714       0x18 main.o
 .progmem.data.__c.2359
                0x0000072c        0x5 main.o
 .progmem.data.__c.2357
                0x00000731        0x3 main.o
 .progmem.data.__c.2355
                0x00000734        0x2 main.o
 .progmem.data.__c.2353
                0x00000736        0x3 main.o
 .progmem.data.__c.2481
                0x00000739        0x3 main.o
 .progmem.data.__c.2479
                0x0000073c       0x13 main.o
 .progmem.data.__c.2477
                0x0000074f        0x3 main.o
 .progmem.data.__c.2475
                0x00000752       0x11 main.o
 .progmem.data.__c.2473
                0x00000763        0x3 main.o
 .progmem.data.__c.2471
                0x00000766       0x12 main.o
 .progmem.data.__c.2469
                0x00000778        0x3 main.o
 .progmem.data.__c.2467
                0x0000077b       0x12 main.o
 .progmem.data.__c.2465
                0x0000078d        0x8 main.o
 .progmem.data.__c.2463
                0x00000795        0x5 main.o
 .progmem.data.__c.2461
                0x0000079a       0x10 main.o
 .progmem.data.__c.2459
                0x000007aa        0x4 main.o
 .progmem.data.__c.2457
                0x000007ae        0x7 main.o
 .progmem.data.__c.2455
                0x000007b5        0x7 main.o
 .progmem.data.__c.2453
                0x000007bc        0xb main.o
 .progmem.data.__c.2451
                0x000007c7        0x5 main.o
 .progmem.data.__c.2449
                0x000007cc        0x3 main.o
 .progmem.data.__c.2447
                0x000007cf        0xb main.o
 .progmem.data.__c.2445
                0x000007da        0x7 main.o
 .progmem.data.__c.2443
                0x000007e1        0x7 main.o
 .progmem.data.__c.2441
                0x000007e8       0x18 main.o
 .progmem.data.__c.2789
                0x00000800       0x1d main.o
 .progmem.data.__c.2787
                0x0000081d       0x16 main.o
 .progmem.data.__c.2783
                0x00000833        0xa main.o
 .progmem.data.__c.2785
                0x0000083d        0xd main.o
 .progmem.data.__c.2781
                0x0000084a       0x21 main.o
 .progmem.data.__c.2779
                0x0000086b       0x18 main.o
 .progmem.data.__c.2775
                0x00000883        0xe main.o
 .progmem.data.__c.2777
                0x00000891        0xa main.o
 .progmem.data.__c.2902
                0x0000089b       0x13 main.o
 .progmem.data.__c.2987
                0x000008ae       0x1b main.o
 .progmem.data.__c.2981
                0x000008c9       0x11 main.o
 .progmem.data.__c.2979
                0x000008da       0x1a main.o
 .progmem.data.__c.2751
                0x000008f4        0x3 main.o
 .progmem.data.__c.2749
                0x000008f7        0x3 main.o
 .progmem.data.__c.2747
                0x000008fa        0x3 main.o
 .progmem.data.__c.2745
                0x000008fd        0x3 main.o
 .progmem.data.__c.2743
                0x00000900        0x3 main.o
 .progmem.data.__c.2740
                0x00000903        0x4 main.o
 .progmem.data.__c.2738
                0x00000907        0x4 main.o
 .progmem.data.__c.2756
                0x0000090b        0x5 main.o
 .progmem.data.__c.2718
                0x00000910        0x4 main.o
 .progmem.data.__c.2720
                0x00000914        0xe main.o
 .progmem.data.__c.2716
                0x00000922       0x28 main.o
 .progmem.data.__c.2714
                0x0000094a       0x28 main.o
 .progmem.data.__c.2710
                0x00000972        0x4 main.o
 .progmem.data.__c.2712
                0x00000976        0x9 main.o
 .progmem.data.__c.2708
                0x0000097f        0x3 main.o
 .progmem.data.__c.2704
                0x00000982        0x3 main.o
 .progmem.data.__c.2702
                0x00000985        0x3 main.o
 .progmem.data.__c.2700
                0x00000988        0x3 main.o
 .progmem.data.__c.2696
                0x0000098b       0x2e main.o
 .progmem.data.__c.2694
                0x000009b9       0x23 main.o
 .progmem.data.__c.2725
                0x000009dc       0x1f main.o
 .progmem.data.__c.2681
                0x000009fb       0x2d main.o
 .progmem.data.__c.2679
                0x00000a28        0x5 main.o
 .progmem.data.__c.2295
                0x00000a2d        0x3 main.o
 .progmem.data.__c.2293
                0x00000a30        0x7 main.o
 .progmem.data.__c.2653
                0x00000a37        0x3 main.o
 .progmem.data.__c.2651
                0x00000a3a        0x3 main.o
 .progmem.data.__c.2649
                0x00000a3d        0x3 main.o
 .progmem.data.__c.2647
                0x00000a40        0x3 main.o
 .progmem.data.__c.2674
                0x00000a43       0x2b main.o
 .progmem.data.__c.2672
                0x00000a6e       0x23 main.o
 .progmem.data.__c.2668
                0x00000a91        0x4 main.o
 .progmem.data.__c.2670
                0x00000a95        0xc main.o
 .progmem.data.__c.2666
                0x00000aa1        0x5 main.o
 .progmem.data.__c.2662
                0x00000aa6        0xc main.o
 .progmem.data.__c.2664
                0x00000ab2        0xc main.o
 .progmem.data.__c.2768
                0x00000abe        0xe main.o
 .progmem.data.__c.2770
                0x00000acc        0xa main.o
 .progmem.data.__c.2287
                0x00000ad6        0x3 main.o
 .progmem.data.__c.2285
                0x00000ad9        0x7 main.o
 .progmem.data.__c.2266
                0x00000ae0        0x3 main.o
 .progmem.data.__c.3013
                0x00000ae3        0x5 main.o
 .progmem.data.__c.3011
                0x00000ae8       0x27 main.o
 .progmem.data.__c.3009
                0x00000b0f       0x30 main.o
 .progmem.data.__c.3007
                0x00000b3f        0x3 main.o
 .progmem.data.__c.3005
                0x00000b42        0xe main.o
 .progmem.data.__c.3003
                0x00000b50       0x13 main.o
 .progmem.data.VL53_tuning
                0x00000b63       0xa0 VL53L0X/VL53L0X.o
                0x00000c04                . = ALIGN (0x2)
 *fill*         0x00000c03        0x1 
 *(.jumptables)
 *(.jumptables*)
 *(.lowtext)
 *(.lowtext*)
                0x00000c04                __ctors_start = .
 *(.ctors)
                0x00000c04                __ctors_end = .
                0x00000c04                __dtors_start = .
 *(.dtors)
                0x00000c04                __dtors_end = .
 SORT(*)(.ctors)
 SORT(*)(.dtors)
 *(.init0)
 .init0         0x00000c04        0x0 D:/Program Files/Atmel/Studio/7.0/Packs/atmel/ATmega_DFP/1.7.374/gcc/dev/atmega328p/avr5/crtatmega328p.o
                0x00000c04                __init
 *(.init0)
 *(.init1)
 *(.init1)
 *(.init2)
 .init2         0x00000c04        0xc D:/Program Files/Atmel/Studio/7.0/Packs/atmel/ATmega_DFP/1.7.374/gcc/dev/atmega328p/avr5/crtatmega328p.o
 *(.init2)
 *(.init3)
 *(.init3)
 *(.init4)
 .init4         0x00000c10       0x16 d:/program files/atmel/studio/7.0/toolchain/avr8/avr8-gnu-toolchain/bin/../lib/gcc/avr/5.4.0/avr5\libgcc.a(_copy_data.o)
                0x00000c10                __do_copy_data
 .init4         0x00000c26       0x10 d:/program files/atmel/studio/7.0/toolchain/avr8/avr8-gnu-toolchain/bin/../lib/gcc/avr/5.4.0/avr5\libgcc.a(_clear_bss.o)
                0x00000c26                __do_clear_bss
 *(.init4)
 *(.init5)
 *(.init5)
 *(.init6)
 *(.init6)
 *(.init7)
 *(.init7)
 *(.init8)
 *(.init8)
 *(.init9)
 .init9         0x00000c36        0x8 D:/Program Files/Atmel/Studio/7.0/Packs/atmel/ATmega_DFP/1.7.374/gcc/dev/atmega328p/avr5/crtatmega328p.o
 *(.init9)
 *(.text)
 .text          0x00000c3e        0x4 D:/Program Files/Atmel/Studio/7.0/Packs/atmel/ATmega_DFP/1.7.374/gcc/dev/atmega328p/avr5/crtatmega328p.o
                0x00000c3e                __vector_22
                0x00000c3e                __vector_1
                0x00000c3e                __vector_24
                0x00000c3e                __vector_12
                0x00000c3e                __bad_interrupt
                0x00000c3e                __vector_6
                0x00000c3e                __vector_23
                0x00000c3e                __vector_25
                0x00000c3e                __vector_13
                0x00000c3e                __vector_17
                0x00000c3e                __vector_7
                0x00000c3e                __vector_5
                0x00000c3e                __vector_4
                0x00000c3e                __vector_9
                0x00000c3e                __vector_2
                0x00000c3e                __vector_21
                0x00000c3e                __vector_15
                0x00000c3e                __vector_8
                0x00000c3e                __vector_10
                0x00000c3e                __vector_16
                0x00000c3e                __vector_18
                0x00000c3e                __vector_20
                0x00000c42                . = ALIGN (0x2)
 *(.text.*)
 .text.ESPUART_Init
                0x00000c42       0x42 ESPUART/ESPUART.o
                0x00000c42                ESPUART_Init
 .text.ESPUART_Available
                0x00000c84       0x12 ESPUART/ESPUART.o
                0x00000c84                ESPUART_Available
 .text.ESPUART_ReadChar
                0x00000c96       0x3a ESPUART/ESPUART.o
                0x00000c96                ESPUART_ReadChar
 .text.ESPUART_GetAndClearOverflow
                0x00000cd0       0x1a ESPUART/ESPUART.o
                0x00000cd0                ESPUART_GetAndClearOverflow
 .text.__vector_3
                0x00000cea       0x6e ESPUART/ESPUART.o
                0x00000cea                __vector_3
 .text.__vector_11
                0x00000d58       0xb8 ESPUART/ESPUART.o
                0x00000d58                __vector_11
 .text.I2C_WaitForTWINT
                0x00000e10       0x3a I2CLIB/I2CLIB.o
 .text.I2C_Master_Init
                0x00000e4a       0xd6 I2CLIB/I2CLIB.o
                0x00000e4a                I2C_Master_Init
 .text.I2C_Master_Start
                0x00000f20       0x2e I2CLIB/I2CLIB.o
                0x00000f20                I2C_Master_Start
 .text.I2C_Master_RepeatedStart
                0x00000f4e       0x2a I2CLIB/I2CLIB.o
                0x00000f4e                I2C_Master_RepeatedStart
 .text.I2C_Master_Stop
                0x00000f78       0x40 I2CLIB/I2CLIB.o
                0x00000f78                I2C_Master_Stop
 .text.I2C_Master_Write
                0x00000fb8       0x3e I2CLIB/I2CLIB.o
                0x00000fb8                I2C_Master_Write
 .text.I2C_SendAddress
                0x00000ff6       0x1a I2CLIB/I2CLIB.o
 .text.I2C_WriteFrame
                0x00001010       0x4a I2CLIB/I2CLIB.o
 .text.I2C_Master_Read
                0x0000105a       0x68 I2CLIB/I2CLIB.o
                0x0000105a                I2C_Master_Read
 .text.I2C_ReadFrame
                0x000010c2       0x5e I2CLIB/I2CLIB.o
 .text.I2C_Master_ProbeAddress
                0x00001120       0x36 I2CLIB/I2CLIB.o
                0x00001120                I2C_Master_ProbeAddress
 .text.I2C_Master_Exchange
                0x00001156      0x128 I2CLIB/I2CLIB.o
                0x00001156                I2C_Master_Exchange
 .text.I2C_Master_Ping
                0x0000127e        0x8 I2CLIB/I2CLIB.o
                0x0000127e                I2C_Master_Ping
 .text.I2C_Master_GetLastStatus
                0x00001286        0x6 I2CLIB/I2CLIB.o
                0x00001286                I2C_Master_GetLastStatus
 .text.I2C_Master_GetLastError
                0x0000128c        0x6 I2CLIB/I2CLIB.o
                0x0000128c                I2C_Master_GetLastError
 .text.LCD_EnablePulse
                0x00001292       0x22 LCD/lcd.o
 .text.LCD_Port
                0x000012b4       0x5e LCD/lcd.o
                0x000012b4                LCD_Port
 .text.LCD_CMD  0x00001312       0x1c LCD/lcd.o
                0x00001312                LCD_CMD
 .text.LCD_Write_Char
                0x0000132e       0x1c LCD/lcd.o
                0x0000132e                LCD_Write_Char
 .text.LCD_Set_Cursor
                0x0000134a       0x14 LCD/lcd.o
                0x0000134a                LCD_Set_Cursor
 .text.LCD_Clear
                0x0000135e       0x14 LCD/lcd.o
                0x0000135e                LCD_Clear
 .text.initLCD8bits
                0x00001372       0x5a LCD/lcd.o
                0x00001372                initLCD8bits
 .text.UART_Init
                0x000013cc       0x18 main.o
 .text.UART_WriteChar
                0x000013e4       0x2a main.o
 .text.UART_WriteFlashString
                0x0000140e       0x20 main.o
 .text.UART_Available
                0x0000142e        0xc main.o
 .text.UART_ReadChar
                0x0000143a        0x6 main.o
 .text.UART_WriteUInt16
                0x00001440       0xae main.o
 .text.UART_WriteInt16
                0x000014ee       0x24 main.o
 .text.UART_WriteHexNibble
                0x00001512       0x12 main.o
 .text.UART_WriteHexByte
                0x00001524       0x20 main.o
 .text.Master_PrintI2CErrorValues
                0x00001544       0x34 main.o
 .text.Master_SendTelemetryInt
                0x00001578       0x38 main.o
 .text.Master_SendTelemetryText
                0x000015b0       0x38 main.o
 .text.Master_TimeReached
                0x000015e8       0x22 main.o
 .text.Master_IsNewCounter
                0x0000160a       0x22 main.o
 .text.Master_HCSR04EchoToMillimeters
                0x0000162c       0x44 main.o
 .text.CarWash_PrintStateName
                0x00001670       0xa6 main.o
 .text.Master_PrintCachedStatus
                0x00001716      0x118 main.o
 .text.Master_StartI2CScan
                0x0000182e       0x2a main.o
 .text.Master_ModeButtonInit
                0x00001858       0x26 main.o
 .text.Master_ParseInt16
                0x0000187e       0xec main.o
 .text.Master_SendManualActuatorTelemetry
                0x0000196a       0x3e main.o
 .text.Master_ServiceModeTelemetry
                0x000019a8       0x58 main.o
 .text.CarWash_LogTransition
                0x00001a00       0x22 main.o
 .text.Master_ServiceUART
                0x00001a22       0x40 main.o
 .text.Master_ShutdownVL53L0X
                0x00001a62       0x12 main.o
 .text.LCD_WriteFlashString
                0x00001a74       0x20 main.o
 .text.Master_SetLCD
                0x00001a94       0x36 main.o
 .text.CarWash_EnterStartupCheck
                0x00001aca       0x20 main.o
 .text.Master_ExchangeProtocol
                0x00001aea       0xbc main.o
 .text.Master_SendRequest
                0x00001ba6       0x5a main.o
 .text.Master_CommandAccepted
                0x00001c00       0x4e main.o
 .text.Master_StopDevice
                0x00001c4e       0x18 main.o
 .text.Master_SetServo
                0x00001c66       0x2c main.o
 .text.Master_ApplySafeActions
                0x00001c92       0x58 main.o
 .text.Master_StopManualActuators
                0x00001cea       0x22 main.o
 .text.Master_EnterManualMode
                0x00001d0c       0x7c main.o
 .text.Master_EnterAutomaticMode
                0x00001d88       0x3e main.o
 .text.Master_ServiceModeButton
                0x00001dc6       0x96 main.o
 .text.CarWash_EnterError
                0x00001e5c       0x74 main.o
 .text.CarWash_EnterIdle
                0x00001ed0       0x6a main.o
 .text.CarWash_StartEntry
                0x00001f3a       0x5c main.o
 .text.CarWash_EnterSoap
                0x00001f96       0x74 main.o
 .text.Master_SetDCMotor
                0x0000200a       0x32 main.o
 .text.CarWash_EnterWash
                0x0000203c       0x76 main.o
 .text.Master_StartStepperAtSpeed
                0x000020b2       0x42 main.o
 .text.Master_StartStepper
                0x000020f4        0xa main.o
 .text.CarWash_EnterFinal
                0x000020fe       0x70 main.o
 .text.CarWash_CompleteSoap
                0x0000216e       0x5c main.o
 .text.Master_GetHCSR04
                0x000021ca       0xc4 main.o
 .text.CarWash_ServiceHCSR04
                0x0000228e      0x134 main.o
 .text.Master_GetInfrared
                0x000023c2       0xb2 main.o
 .text.CarWash_ServiceIdleIR
                0x00002474       0xc0 main.o
 .text.CarWash_ServiceFinishWait
                0x00002534       0xc0 main.o
 .text.Master_NodePing
                0x000025f4       0x58 main.o
 .text.CarWash_CheckNormalHealth
                0x0000264c       0x76 main.o
 .text.CarWash_ServiceErrorWaitClear
                0x000026c2       0x7a main.o
 .text.Master_PrintActuatorReportStep
                0x0000273c      0x174 main.o
 .text.Master_ProcessESPCommand
                0x000028b0      0x21a main.o
 .text.Master_ServiceESPCommands
                0x00002aca       0x6a main.o
 .text.Master_InitializeVL53L0X
                0x00002b34       0x44 main.o
 .text.CarWash_FinishEntry
                0x00002b78       0x58 main.o
 .text.CarWash_ServiceErrorLinks
                0x00002bd0       0xe6 main.o
 .text.Master_PollVL53L0X
                0x00002cb6      0x18c main.o
 .text.Master_ServiceManualSensors
                0x00002e42      0x19c main.o
 .text.CarWash_ServiceVL
                0x00002fde       0xa4 main.o
 .text.CarWash_CompleteWash
                0x00003082       0xae main.o
 .text.CarWash_ServiceWash
                0x00003130       0x4e main.o
 .text.Master_PrintCurrentI2CError
                0x0000317e       0x16 main.o
 .text.Master_PrintStartupNodeCheck
                0x00003194       0xcc main.o
 .text.Master_RunStartupI2CCheck
                0x00003260      0x20a main.o
 .text.CarWash_ServiceStartupCheck
                0x0000346a       0x88 main.o
 .text.CarWash_Service
                0x000034f2      0x122 main.o
 .text.Master_ServiceI2CScan
                0x00003614       0x78 main.o
 .text.Master_ServiceDiagnostics
                0x0000368c       0x14 main.o
 .text.__vector_19
                0x000036a0       0x56 main.o
                0x000036a0                __vector_19
 .text.main     0x000036f6       0xcc main.o
                0x000036f6                main
 .text.Protocol_Clear
                0x000037c2       0x16 PROTOCOL/Protocol.o
 .text.Protocol_Copy
                0x000037d8       0x2a PROTOCOL/Protocol.o
 .text.Protocol_IsKnownCommand
                0x00003802        0xe PROTOCOL/Protocol.o
                0x00003802                Protocol_IsKnownCommand
 .text.Protocol_IsKnownDevice
                0x00003810       0x18 PROTOCOL/Protocol.o
                0x00003810                Protocol_IsKnownDevice
 .text.Protocol_IsKnownStatus
                0x00003828        0xc PROTOCOL/Protocol.o
                0x00003828                Protocol_IsKnownStatus
 .text.Protocol_ValidateRequest
                0x00003834      0x136 PROTOCOL/Protocol.o
                0x00003834                Protocol_ValidateRequest
 .text.Protocol_CreateRequest
                0x0000396a       0x70 PROTOCOL/Protocol.o
                0x0000396a                Protocol_CreateRequest
 .text.Protocol_EncodeRequest
                0x000039da       0x4e PROTOCOL/Protocol.o
                0x000039da                Protocol_EncodeRequest
 .text.Protocol_DecodeResponse
                0x00003a28       0x72 PROTOCOL/Protocol.o
                0x00003a28                Protocol_DecodeResponse
 .text.Protocol_ValidateResponse
                0x00003a9a      0x1a0 PROTOCOL/Protocol.o
                0x00003a9a                Protocol_ValidateResponse
 .text.Timebase_Init
                0x00003c3a       0x1a TIMEBASE/Timebase.o
                0x00003c3a                Timebase_Init
 .text.Timebase_Millis
                0x00003c54       0x22 TIMEBASE/Timebase.o
                0x00003c54                Timebase_Millis
 .text.__vector_14
                0x00003c76       0x4a TIMEBASE/Timebase.o
                0x00003c76                __vector_14
 .text.VL53_DecodeTimeout
                0x00003cc0       0x16 VL53L0X/VL53L0X.o
 .text.VL53_EncodeTimeout
                0x00003cd6       0x5a VL53L0X/VL53L0X.o
 .text.VL53_MacroPeriodNs
                0x00003d30       0x2a VL53L0X/VL53L0X.o
 .text.VL53_TimeoutMclksToUs
                0x00003d5a       0x34 VL53L0X/VL53L0X.o
 .text.VL53_TimeoutUsToMclks
                0x00003d8e       0x5c VL53L0X/VL53L0X.o
 .text.VL53_WriteMulti
                0x00003dea       0x94 VL53L0X/VL53L0X.o
 .text.VL53_WriteReg16
                0x00003e7e       0x24 VL53L0X/VL53L0X.o
 .text.VL53_WriteReg
                0x00003ea2       0x6a VL53L0X/VL53L0X.o
 .text.VL53_ReadMulti
                0x00003f0c       0xd0 VL53L0X/VL53L0X.o
 .text.VL53_ReadReg
                0x00003fdc        0x8 VL53L0X/VL53L0X.o
 .text.VL53_GetSpadInfo
                0x00003fe4      0x230 VL53L0X/VL53L0X.o
 .text.VL53_GetSequenceEnables
                0x00004214       0x56 VL53L0X/VL53L0X.o
 .text.VL53_GetVcselPeriod
                0x0000426a       0x38 VL53L0X/VL53L0X.o
 .text.VL53_ReferenceCalibration
                0x000042a2       0x9c VL53L0X/VL53L0X.o
 .text.VL53_ReadReg16
                0x0000433e       0x4c VL53L0X/VL53L0X.o
 .text.VL53_GetSequenceTimeouts
                0x0000438a       0xf0 VL53L0X/VL53L0X.o
 .text.VL53_GetTimingBudget
                0x0000447a      0x10a VL53L0X/VL53L0X.o
 .text.VL53_SetTimingBudget
                0x00004584      0x13c VL53L0X/VL53L0X.o
 .text.VL53L0X_ObjectInit
                0x000046c0       0x38 VL53L0X/VL53L0X.o
                0x000046c0                VL53L0X_ObjectInit
 .text.VL53L0X_AttachXSHUT
                0x000046f8       0x6e VL53L0X/VL53L0X.o
                0x000046f8                VL53L0X_AttachXSHUT
 .text.VL53L0X_Shutdown
                0x00004766       0x5a VL53L0X/VL53L0X.o
                0x00004766                VL53L0X_Shutdown
 .text.VL53L0X_Reset
                0x000047c0       0x76 VL53L0X/VL53L0X.o
                0x000047c0                VL53L0X_Reset
 .text.VL53L0X_IsConnected
                0x00004836       0x38 VL53L0X/VL53L0X.o
                0x00004836                VL53L0X_IsConnected
 .text.VL53L0X_Init
                0x0000486e      0x38a VL53L0X/VL53L0X.o
                0x0000486e                VL53L0X_Init
 .text.VL53L0X_StartSingle
                0x00004bf8       0xac VL53L0X/VL53L0X.o
                0x00004bf8                VL53L0X_StartSingle
 .text.VL53L0X_DataReady
                0x00004ca4       0x88 VL53L0X/VL53L0X.o
                0x00004ca4                VL53L0X_DataReady
 .text.VL53L0X_ClearInterrupt
                0x00004d2c       0x12 VL53L0X/VL53L0X.o
                0x00004d2c                VL53L0X_ClearInterrupt
 .text.VL53L0X_ReadResult
                0x00004d3e       0x3c VL53L0X/VL53L0X.o
                0x00004d3e                VL53L0X_ReadResult
 .text.libgcc.div
                0x00004d7a       0x44 d:/program files/atmel/studio/7.0/toolchain/avr8/avr8-gnu-toolchain/bin/../lib/gcc/avr/5.4.0/avr5\libgcc.a(_udivmodsi4.o)
                0x00004d7a                __udivmodsi4
 .text.libgcc   0x00004dbe        0xc d:/program files/atmel/studio/7.0/toolchain/avr8/avr8-gnu-toolchain/bin/../lib/gcc/avr/5.4.0/avr5\libgcc.a(_tablejump2.o)
                0x00004dbe                __tablejump2__
 .text.libgcc.mul
                0x00004dca       0x1e d:/program files/atmel/studio/7.0/toolchain/avr8/avr8-gnu-toolchain/bin/../lib/gcc/avr/5.4.0/avr5\libgcc.a(_umulhisi3.o)
                0x00004dca                __umulhisi3
 .text.libgcc.mul
                0x00004de8       0x16 d:/program files/atmel/studio/7.0/toolchain/avr8/avr8-gnu-toolchain/bin/../lib/gcc/avr/5.4.0/avr5\libgcc.a(_muluhisi3.o)
                0x00004de8                __muluhisi3
 .text.avr-libc
                0x00004dfe       0x16 d:/program files/atmel/studio/7.0/toolchain/avr8/avr8-gnu-toolchain/bin/../lib/gcc/avr/5.4.0/../../../../avr/lib/avr5\libc.a(strchr.o)
                0x00004dfe                strchr
 .text.avr-libc
                0x00004e14       0x12 d:/program files/atmel/studio/7.0/toolchain/avr8/avr8-gnu-toolchain/bin/../lib/gcc/avr/5.4.0/../../../../avr/lib/avr5\libc.a(strcmp.o)
                0x00004e14                strcmp
 .text.avr-libc
                0x00004e26       0x1c d:/program files/atmel/studio/7.0/toolchain/avr8/avr8-gnu-toolchain/bin/../lib/gcc/avr/5.4.0/../../../../avr/lib/avr5\libc.a(strncmp.o)
                0x00004e26                strncmp
                0x00004e42                . = ALIGN (0x2)
 *(.fini9)
 .fini9         0x00004e42        0x0 d:/program files/atmel/studio/7.0/toolchain/avr8/avr8-gnu-toolchain/bin/../lib/gcc/avr/5.4.0/avr5\libgcc.a(_exit.o)
                0x00004e42                _exit
                0x00004e42                exit
 *(.fini9)
 *(.fini8)
 *(.fini8)
 *(.fini7)
 *(.fini7)
 *(.fini6)
 *(.fini6)
 *(.fini5)
 *(.fini5)
 *(.fini4)
 *(.fini4)
 *(.fini3)
 *(.fini3)
 *(.fini2)
 *(.fini2)
 *(.fini1)
 *(.fini1)
 *(.fini0)
 .fini0         0x00004e42        0x4 d:/program files/atmel/studio/7.0/toolchain/avr8/avr8-gnu-toolchain/bin/../lib/gcc/avr/5.4.0/avr5\libgcc.a(_exit.o)
 *(.fini0)
                0x00004e46                _etext = .

.data           0x00800100       0x34 load address 0x00004e46
                0x00800100                PROVIDE (__data_start, .)
 *(.data)
 *(.data*)
 .data.i2c_last_status
                0x00800100        0x1 I2CLIB/I2CLIB.o
 .data.manual_context
                0x00800101        0xf main.o
 .data.mode_button
                0x00800110        0x6 main.o
 .data.i2c_scan
                0x00800116        0x3 main.o
 .data.last_infrared_sample
                0x00800119        0x3 main.o
 *(.gnu.linkonce.d*)
 *(.rodata)
 *(.rodata*)
 .rodata.str1.1
                0x0080011c       0x18 main.o
 *(.gnu.linkonce.r*)
                0x00800134                . = ALIGN (0x2)
                0x00800134                _edata = .
                0x00800134                PROVIDE (__data_end, .)

.bss            0x00800134      0x1c9
                0x00800134                PROVIDE (__bss_start, .)
 *(.bss)
 *(.bss*)
 .bss.esp_uart_rx_byte
                0x00800134        0x1 ESPUART/ESPUART.o
 .bss.esp_uart_bit_index
                0x00800135        0x1 ESPUART/ESPUART.o
 .bss.esp_uart_receiving
                0x00800136        0x1 ESPUART/ESPUART.o
 .bss.esp_uart_overflow
                0x00800137        0x1 ESPUART/ESPUART.o
 .bss.esp_uart_tail
                0x00800138        0x1 ESPUART/ESPUART.o
 .bss.esp_uart_head
                0x00800139        0x1 ESPUART/ESPUART.o
 .bss.esp_uart_buffer
                0x0080013a       0x40 ESPUART/ESPUART.o
 .bss.i2c_last_error
                0x0080017a        0x1 I2CLIB/I2CLIB.o
 .bss.esp_command_length
                0x0080017b        0x1 main.o
 .bss.esp_command_buffer
                0x0080017c       0x28 main.o
 .bss.next_mode_telemetry_ms
                0x008001a4        0x4 main.o
 .bss.manual_mode
                0x008001a8        0x1 main.o
 .bss.status_report_step
                0x008001a9        0x1 main.o
 .bss.carwash   0x008001aa       0x34 main.o
 .bss.last_hcsr04_sample
                0x008001de        0x4 main.o
 .bss.vl53l0x_sensor
                0x008001e2       0x15 main.o
 .bss.uart_tx_tail
                0x008001f7        0x1 main.o
 .bss.uart_tx_head
                0x008001f8        0x1 main.o
 .bss.uart_tx_buffer
                0x008001f9      0x100 main.o
 .bss.timebase_milliseconds
                0x008002f9        0x4 TIMEBASE/Timebase.o
 *(COMMON)
                0x008002fd                PROVIDE (__bss_end, .)
                0x00004e46                __data_load_start = LOADADDR (.data)
                0x00004e7a                __data_load_end = (__data_load_start + SIZEOF (.data))

.noinit         0x008002fd        0x0
                [!provide]                PROVIDE (__noinit_start, .)
 *(.noinit*)
                [!provide]                PROVIDE (__noinit_end, .)
                0x008002fd                _end = .
                [!provide]                PROVIDE (__heap_start, .)

.eeprom         0x00810000        0x0
 *(.eeprom*)
                0x00810000                __eeprom_end = .

.fuse
 *(.fuse)
 *(.lfuse)
 *(.hfuse)
 *(.efuse)

.lock
 *(.lock*)

.signature
 *(.signature*)

.user_signatures
 *(.user_signatures*)

.stab
 *(.stab)

.stabstr
 *(.stabstr)

.stab.excl
 *(.stab.excl)

.stab.exclstr
 *(.stab.exclstr)

.stab.index
 *(.stab.index)

.stab.indexstr
 *(.stab.indexstr)

.comment        0x00000000       0x30
 *(.comment)
 .comment       0x00000000       0x30 ESPUART/ESPUART.o
                                 0x31 (size before relaxing)
 .comment       0x00000030       0x31 I2CLIB/I2CLIB.o
 .comment       0x00000030       0x31 LCD/lcd.o
 .comment       0x00000030       0x31 main.o
 .comment       0x00000030       0x31 PROTOCOL/Protocol.o
 .comment       0x00000030       0x31 TIMEBASE/Timebase.o
 .comment       0x00000030       0x31 VL53L0X/VL53L0X.o

.note.gnu.avr.deviceinfo
                0x00000000       0x40
 .note.gnu.avr.deviceinfo
                0x00000000       0x40 D:/Program Files/Atmel/Studio/7.0/Packs/atmel/ATmega_DFP/1.7.374/gcc/dev/atmega328p/avr5/crtatmega328p.o

.note.gnu.build-id
 *(.note.gnu.build-id)

.debug
 *(.debug)

.line
 *(.line)

.debug_srcinfo
 *(.debug_srcinfo)

.debug_sfnames
 *(.debug_sfnames)

.debug_aranges  0x00000000      0x580
 *(.debug_aranges)
 .debug_aranges
                0x00000000       0x48 ESPUART/ESPUART.o
 .debug_aranges
                0x00000048       0x90 I2CLIB/I2CLIB.o
 .debug_aranges
                0x000000d8       0x68 LCD/lcd.o
 .debug_aranges
                0x00000140      0x278 main.o
 .debug_aranges
                0x000003b8       0x80 PROTOCOL/Protocol.o
 .debug_aranges
                0x00000438       0x30 TIMEBASE/Timebase.o
 .debug_aranges
                0x00000468      0x118 VL53L0X/VL53L0X.o

.debug_pubnames
 *(.debug_pubnames)

.debug_info     0x00000000     0x87e5
 *(.debug_info .gnu.linkonce.wi.*)
 .debug_info    0x00000000      0x5f4 D:/Program Files/Atmel/Studio/7.0/Packs/atmel/ATmega_DFP/1.7.374/gcc/dev/atmega328p/avr5/crtatmega328p.o
 .debug_info    0x000005f4      0x2cc ESPUART/ESPUART.o
 .debug_info    0x000008c0      0x776 I2CLIB/I2CLIB.o
 .debug_info    0x00001036      0x554 LCD/lcd.o
 .debug_info    0x0000158a     0x48f9 main.o
 .debug_info    0x00005e83      0x75c PROTOCOL/Protocol.o
 .debug_info    0x000065df      0x172 TIMEBASE/Timebase.o
 .debug_info    0x00006751     0x2094 VL53L0X/VL53L0X.o

.debug_abbrev   0x00000000     0x1352
 *(.debug_abbrev)
 .debug_abbrev  0x00000000      0x5a2 D:/Program Files/Atmel/Studio/7.0/Packs/atmel/ATmega_DFP/1.7.374/gcc/dev/atmega328p/avr5/crtatmega328p.o
 .debug_abbrev  0x000005a2      0x14e ESPUART/ESPUART.o
 .debug_abbrev  0x000006f0      0x260 I2CLIB/I2CLIB.o
 .debug_abbrev  0x00000950      0x1ce LCD/lcd.o
 .debug_abbrev  0x00000b1e      0x290 main.o
 .debug_abbrev  0x00000dae      0x1f5 PROTOCOL/Protocol.o
 .debug_abbrev  0x00000fa3      0x119 TIMEBASE/Timebase.o
 .debug_abbrev  0x000010bc      0x296 VL53L0X/VL53L0X.o

.debug_line     0x00000000     0x453f
 *(.debug_line .debug_line.* .debug_line_end)
 .debug_line    0x00000000      0x134 D:/Program Files/Atmel/Studio/7.0/Packs/atmel/ATmega_DFP/1.7.374/gcc/dev/atmega328p/avr5/crtatmega328p.o
 .debug_line    0x00000134      0x302 ESPUART/ESPUART.o
 .debug_line    0x00000436      0x669 I2CLIB/I2CLIB.o
 .debug_line    0x00000a9f      0x36b LCD/lcd.o
 .debug_line    0x00000e0a     0x1e42 main.o
 .debug_line    0x00002c4c      0x75a PROTOCOL/Protocol.o
 .debug_line    0x000033a6      0x197 TIMEBASE/Timebase.o
 .debug_line    0x0000353d     0x1002 VL53L0X/VL53L0X.o

.debug_frame    0x00000000     0x13f4
 *(.debug_frame)
 .debug_frame   0x00000000       0xbc ESPUART/ESPUART.o
 .debug_frame   0x000000bc      0x178 I2CLIB/I2CLIB.o
 .debug_frame   0x00000234       0xe4 LCD/lcd.o
 .debug_frame   0x00000318      0xa40 main.o
 .debug_frame   0x00000d58      0x198 PROTOCOL/Protocol.o
 .debug_frame   0x00000ef0       0x64 TIMEBASE/Timebase.o
 .debug_frame   0x00000f54      0x4a0 VL53L0X/VL53L0X.o

.debug_str      0x00000000     0x1e26
 *(.debug_str)
 .debug_str     0x00000000      0x208 D:/Program Files/Atmel/Studio/7.0/Packs/atmel/ATmega_DFP/1.7.374/gcc/dev/atmega328p/avr5/crtatmega328p.o
 .debug_str     0x00000208      0x295 ESPUART/ESPUART.o
                                0x2d7 (size before relaxing)
 .debug_str     0x0000049d      0x2f5 I2CLIB/I2CLIB.o
                                0x4b9 (size before relaxing)
 .debug_str     0x00000792       0xb4 LCD/lcd.o
                                0x2c4 (size before relaxing)
 .debug_str     0x00000846     0x103f main.o
                               0x13ec (size before relaxing)
 .debug_str     0x00001885      0x137 PROTOCOL/Protocol.o
                                0x4c7 (size before relaxing)
 .debug_str     0x000019bc       0x39 TIMEBASE/Timebase.o
                                0x21c (size before relaxing)
 .debug_str     0x000019f5      0x431 VL53L0X/VL53L0X.o
                                0x86b (size before relaxing)

.debug_loc      0x00000000     0x69ed
 *(.debug_loc)
 .debug_loc     0x00000000      0x1e9 ESPUART/ESPUART.o
 .debug_loc     0x000001e9      0x7f3 I2CLIB/I2CLIB.o
 .debug_loc     0x000009dc      0x482 LCD/lcd.o
 .debug_loc     0x00000e5e     0x2d32 main.o
 .debug_loc     0x00003b90      0xbb2 PROTOCOL/Protocol.o
 .debug_loc     0x00004742       0xb8 TIMEBASE/Timebase.o
 .debug_loc     0x000047fa     0x21f3 VL53L0X/VL53L0X.o

.debug_macinfo
 *(.debug_macinfo)

.debug_weaknames
 *(.debug_weaknames)

.debug_funcnames
 *(.debug_funcnames)

.debug_typenames
 *(.debug_typenames)

.debug_varnames
 *(.debug_varnames)

.debug_pubtypes
 *(.debug_pubtypes)

.debug_ranges   0x00000000      0x540
 *(.debug_ranges)
 .debug_ranges  0x00000000       0x50 ESPUART/ESPUART.o
 .debug_ranges  0x00000050       0x80 I2CLIB/I2CLIB.o
 .debug_ranges  0x000000d0       0x58 LCD/lcd.o
 .debug_ranges  0x00000128      0x268 main.o
 .debug_ranges  0x00000390       0x70 PROTOCOL/Protocol.o
 .debug_ranges  0x00000400       0x20 TIMEBASE/Timebase.o
 .debug_ranges  0x00000420      0x120 VL53L0X/VL53L0X.o

.debug_macro
 *(.debug_macro)
OUTPUT(MASTER12C.elf elf32-avr)
LOAD linker stubs
